Fetched 6,199 kB in 5s (1,174 kB/s)
Selecting previously unselected package vim-runtime.
(Reading database ... 177053 files and directories currently installed.)
Preparing to unpack .../vim-runtime_2%3a7.4.1689-3ubuntu1.2_all.deb ...
Adding 'diversion of /usr/share/vim/vim74/doc/help.txt to /usr/share/vim/vim74/doc/help.txt.vim-tiny by vim-runtime'
Adding 'diversion of /usr/share/vim/vim74/doc/tags to /usr/share/vim/vim74/doc/tags.vim-tiny by vim-runtime'
Unpacking vim-runtime (2:7.4.1689-3ubuntu1.2) ...
Selecting previously unselected package vim.
Preparing to unpack .../vim_2%3a7.4.1689-3ubuntu1.2_amd64.deb ...
Unpacking vim (2:7.4.1689-3ubuntu1.2) ...
Processing triggers for man-db (2.7.5-1) ...
Setting up vim-runtime (2:7.4.1689-3ubuntu1.2) ...
Setting up vim (2:7.4.1689-3ubuntu1.2) ...
update-alternatives: using /usr/bin/vim.basic to provide /usr/bin/vim (vim) in auto mode
update-alternatives: using /usr/bin/vim.basic to provide /usr/bin/vimdiff (vimdiff) in auto mode
update-alternatives: using /usr/bin/vim.basic to provide /usr/bin/rvim (rvim) in auto mode
update-alternatives: using /usr/bin/vim.basic to provide /usr/bin/rview (rview) in auto mode
update-alternatives: using /usr/bin/vim.basic to provide /usr/bin/vi (vi) in auto mode
update-alternatives: using /usr/bin/vim.basic to provide /usr/bin/view (view) in auto mode
update-alternatives: using /usr/bin/vim.basic to provide /usr/bin/ex (ex) in auto mode
vantacr@c001827170:~/work$ vi ~/.bashrc 
vantacr@c001827170:~/work$ gitkeyadd
gitkeyadd: command not found
vantacr@c001827170:~/work$ source ~/.bashrc 
rm: cannot remove '/home/vantacr/.ssh/.ssh-socket': No such file or directory
Agent pid 14096
Adding keys to new instance of ssh-agent
Enter passphrase for /home/vantacr/.ssh/id_rsa: 
Identity added: /home/vantacr/.ssh/id_rsa (/home/vantacr/.ssh/id_rsa)
Lifetime set to 43200 seconds
vantacr@c001827170:~/work$ git clone git@arldvcsp01.corp.cat.com:/cat/ess-csf/ssp-linux
Cloning into 'ssp-linux'...
The authenticity of host 'arldvcsp01.corp.cat.com (172.20.70.239)' can't be established.
RSA key fingerprint is SHA256:q1nojVsa0zZ2juwykAty1q5mGqabnpm4+Esd1D+WfoM.
Are you sure you want to continue connecting (yes/no)? yes
Warning: Permanently added 'arldvcsp01.corp.cat.com,172.20.70.239' (RSA) to the list of known hosts.
Permission denied (publickey,gssapi-keyex,gssapi-with-mic).
fatal: Could not read from remote repository.

Please make sure you have the correct access rights
and the repository exists.
vantacr@c001827170:~/work$ cd ~/
vantacr@c001827170:~$ mkdir bin
vantacr@c001827170:~$ cd bin/
vantacr@c001827170:~/bin$ git clone git@git1.corp.cat.com:/cat/edr-git_user
Cloning into 'edr-git_user'...
The authenticity of host 'git1.corp.cat.com (172.20.70.239)' can't be established.
RSA key fingerprint is SHA256:q1nojVsa0zZ2juwykAty1q5mGqabnpm4+Esd1D+WfoM.
Are you sure you want to continue connecting (yes/no)? yes
Warning: Permanently added 'git1.corp.cat.com' (RSA) to the list of known hosts.
Permission denied (publickey,gssapi-keyex,gssapi-with-mic).
fatal: Could not read from remote repository.

Please make sure you have the correct access rights
and the repository exists.
vantacr@c001827170:~/bin$ clear

vantacr@c001827170:~/bin$ cd work/PersonnelDetectionGen0/
bash: cd: work/PersonnelDetectionGen0/: No such file or directory
vantacr@c001827170:~/bin$ cd
vantacr@c001827170:~$ work
No command 'work' found, did you mean:
 Command 'wrk' from package 'wrk' (universe)
 Command 'pork' from package 'pork' (universe)
 Command 'worm' from package 'bsdgames' (universe)
work: command not found
vantacr@c001827170:~$ cd work
vantacr@c001827170:~/work$ cd work/PersonnelDetectionGen0/
bash: cd: work/PersonnelDetectionGen0/: No such file or directory
vantacr@c001827170:~/work$ cd PersonnelDetectionGen0/
vantacr@c001827170:~/work/PersonnelDetectionGen0$ ls
admin             clean-build.sh  data                images_jpeg.list  lib             resources       util
attach.sh         clean.sh        deploy.sh           images.list       libprotobuf.so  run.sh
build-debug.sh    CMakeLists.txt  detector.yaml       images_raw.list   notes.txt       src
build-release.sh  *compilation*   etc                 init.sh           package.sh      start-utils.sh
catmod.h          config          images_inside.list  install.sh        README.md       test
vantacr@c001827170:~/work/PersonnelDetectionGen0$ cd src
vantacr@c001827170:~/work/PersonnelDetectionGen0/src$ ls 
CMakeLists.txt  inputForker.cpp  main.cpp  watchdog.cpp
vantacr@c001827170:~/work/PersonnelDetectionGen0/src$ vi main.cpp
vantacr@c001827170:~/work/PersonnelDetectionGen0/src$ cd -
/home/vantacr/work/PersonnelDetectionGen0
vantacr@c001827170:~/work/PersonnelDetectionGen0$ ls
admin             clean-build.sh  data                images_jpeg.list  lib             resources       util
attach.sh         clean.sh        deploy.sh           images.list       libprotobuf.so  run.sh
build-debug.sh    CMakeLists.txt  detector.yaml       images_raw.list   notes.txt       src
build-release.sh  *compilation*   etc                 init.sh           package.sh      start-utils.sh
catmod.h          config          images_inside.list  install.sh        README.md       test
vantacr@c001827170:~/work/PersonnelDetectionGen0$ vi README.md 
vantacr@c001827170:~/work/PersonnelDetectionGen0$ vi build-release.sh 
vantacr@c001827170:~/work/PersonnelDetectionGen0$ cd admin/cmake/
vantacr@c001827170:~/work/PersonnelDetectionGen0/admin/cmake$ ls
Modules  Toolchains
vantacr@c001827170:~/work/PersonnelDetectionGen0/admin/cmake$ cd Toolchains/
vantacr@c001827170:~/work/PersonnelDetectionGen0/admin/cmake/Toolchains$ ls
toolchainD6Cx.cmake
vantacr@c001827170:~/work/PersonnelDetectionGen0/admin/cmake/Toolchains$ vi toolchainD6Cx.cmake 
vantacr@c001827170:~/work/PersonnelDetectionGen0/admin/cmake/Toolchains$ cd ../../../
vantacr@c001827170:~/work/PersonnelDetectionGen0$ vi README.md 
vantacr@c001827170:~/work/PersonnelDetectionGen0$ export SSP_LINUX_DIR=/home/vantacr/work/ss
ssdk-d6cx.tar.gz  ssp-linux/        
vantacr@c001827170:~/work/PersonnelDetectionGen0$ export SSP_LINUX_DIR=/home/vantacr/work/ss
ssdk-d6cx.tar.gz  ssp-linux/        
vantacr@c001827170:~/work/PersonnelDetectionGen0$ export SSP_LINUX_DIR=/home/vantacr/work/ssp-linux/
vantacr@c001827170:~/work/PersonnelDetectionGen0$ vi README.md 
vantacr@c001827170:~/work/PersonnelDetectionGen0$ mkdir build && cd build
vantacr@c001827170:~/work/PersonnelDetectionGen0/build$ cmake -DCMAKE_BUILD_TYPE=Release -DCMAKE_TOOLCHAIN_FILE="admin/cmake/Toolchains/toolchainD6Cx.cmake" ..
The program 'cmake' is currently not installed. You can install it by typing:
sudo apt install cmake
vantacr@c001827170:~/work/PersonnelDetectionGen0/build$ sudo apt-get install cmake
[sudo] password for vantacr: 
Sorry, try again.
[sudo] password for vantacr: 
Reading package lists... Done
Building dependency tree       
Reading state information... Done
The following additional packages will be installed:
  cmake-data libjsoncpp1
Suggested packages:
  codeblocks eclipse ninja-build
The following NEW packages will be installed:
  cmake cmake-data libjsoncpp1
0 upgraded, 3 newly installed, 0 to remove and 342 not upgraded.
Need to get 3,817 kB of archives.
After this operation, 20.5 MB of additional disk space will be used.
Do you want to continue? [Y/n] y
Get:1 http://us.archive.ubuntu.com/ubuntu xenial-updates/main amd64 cmake-data all 3.5.1-1ubuntu3 [1,121 kB]
Get:2 http://us.archive.ubuntu.com/ubuntu xenial/main amd64 libjsoncpp1 amd64 1.7.2-1 [73.0 kB]
Get:3 http://us.archive.ubuntu.com/ubuntu xenial-updates/main amd64 cmake amd64 3.5.1-1ubuntu3 [2,623 kB]
Fetched 3,817 kB in 3s (1,126 kB/s)
Selecting previously unselected package cmake-data.
(Reading database ... 178762 files and directories currently installed.)
Preparing to unpack .../cmake-data_3.5.1-1ubuntu3_all.deb ...
Unpacking cmake-data (3.5.1-1ubuntu3) ...
Selecting previously unselected package libjsoncpp1:amd64.
Preparing to unpack .../libjsoncpp1_1.7.2-1_amd64.deb ...
Unpacking libjsoncpp1:amd64 (1.7.2-1) ...
Selecting previously unselected package cmake.
Preparing to unpack .../cmake_3.5.1-1ubuntu3_amd64.deb ...
Unpacking cmake (3.5.1-1ubuntu3) ...
Processing triggers for man-db (2.7.5-1) ...
Processing triggers for libc-bin (2.23-0ubuntu10) ...
Setting up cmake-data (3.5.1-1ubuntu3) ...
Setting up libjsoncpp1:amd64 (1.7.2-1) ...
Setting up cmake (3.5.1-1ubuntu3) ...
Processing triggers for libc-bin (2.23-0ubuntu10) ...
vantacr@c001827170:~/work/PersonnelDetectionGen0/build$ cmake -DCMAKE_BUILD_TYPE=Release -DCMAKE_TOOLCHAIN_FILE="admin/cmake/Toolchains/toolchainD6Cx.cmake" ..
-- Toolchain = admin/cmake/Toolchains/toolchainD6Cx.cmake
-- Setting toolchain type to D6:Cx settings
-- Setting toolchain type to D6:Cx settings
-- The C compiler identification is GNU 4.9.2
-- The CXX compiler identification is GNU 4.9.2
-- Check for working C compiler: /home/vantacr/work/ssp-linux//d6cx/sdk/host/usr/bin/x86_64-linux-gcc
-- Check for working C compiler: /home/vantacr/work/ssp-linux//d6cx/sdk/host/usr/bin/x86_64-linux-gcc -- works
-- Detecting C compiler ABI info
-- Detecting C compiler ABI info - done
-- Detecting C compile features
-- Detecting C compile features - done
-- Check for working CXX compiler: /home/vantacr/work/ssp-linux//d6cx/sdk/host/usr/bin/x86_64-linux-g++
-- Check for working CXX compiler: /home/vantacr/work/ssp-linux//d6cx/sdk/host/usr/bin/x86_64-linux-g++ -- works
-- Detecting CXX compiler ABI info
-- Detecting CXX compiler ABI info - done
-- Detecting CXX compile features
-- Detecting CXX compile features - done
CMake Warning at CMakeLists.txt:33 (find_package):
  By not providing "FindOpenCV.cmake" in CMAKE_MODULE_PATH this project has
  asked CMake to find a package configuration file provided by "OpenCV", but
  CMake did not find one.

  Could not find a package configuration file provided by "OpenCV" with any
  of the following names:

    OpenCVConfig.cmake
    opencv-config.cmake

  Add the installation prefix of "OpenCV" to CMAKE_PREFIX_PATH or set
  "OpenCV_DIR" to a directory containing one of the above files.  If "OpenCV"
  provides a separate development package or SDK, be sure it has been
  installed.


-- LibVA Include Directory: /home/vantacr/work/ssp-linux/d6cx/sdk/host/usr/x86_64-buildroot-linux-gnu/sysroot/usr/include
-- LibVA Library: /home/vantacr/work/ssp-linux/d6cx/sdk/host/usr/x86_64-buildroot-linux-gnu/sysroot/usr/lib64/libva.so
-- Found LibVA: /home/vantacr/work/ssp-linux/d6cx/sdk/host/usr/x86_64-buildroot-linux-gnu/sysroot/usr/lib64/libva.so  
-- Could NOT find GTest (missing:  GTEST_LIBRARY GTEST_INCLUDE_DIR GTEST_MAIN_LIBRARY) 
-- DRM Include Directory: /home/vantacr/work/ssp-linux/d6cx/sdk/host/usr/x86_64-buildroot-linux-gnu/sysroot/usr/include/libdrm
-- DRM Library: /home/vantacr/work/ssp-linux/d6cx/sdk/host/usr/x86_64-buildroot-linux-gnu/sysroot/usr/lib64/libdrm.so
-- Found DRM: /home/vantacr/work/ssp-linux/d6cx/sdk/host/usr/x86_64-buildroot-linux-gnu/sysroot/usr/lib64/libdrm.so  
-- PROTOBUF Include Directory: PROTOBUF_INCLUDE_DIR-NOTFOUND
-- PROTOBUF Library: PROTOBUF_LIBRARY-NOTFOUND
-- Could NOT find PROTOBUF (missing:  PROTOBUF_LIBRARY PROTOBUF_INCLUDE_DIR) 
-- Libraries
--    Configuration
--    Event
--    ThreadPool
--    DataChannel
--    Status
--    DataType
--    Global
--    Recorder
--    Receive
--    Decoding
--    ChannelArray
--    ImageConversion
--    Classify
--    Detect
--    Codegen
--    Processing
--    Filtering
--    Tracking
--    Output
--    Logging
--    Analyze
-- Source
--    PersonnelDetectionGen0
--    Watchdog
--    InputForker
-- Configuring done
-- Generating done
-- Build files have been written to: /home/vantacr/work/PersonnelDetectionGen0/build
vantacr@c001827170:~/work/PersonnelDetectionGen0/build$ ls
CMakeCache.txt  CMakeFiles  cmake_install.cmake  lib  Makefile  src
vantacr@c001827170:~/work/PersonnelDetectionGen0/build$ cd lib/
vantacr@c001827170:~/work/PersonnelDetectionGen0/build/lib$ ls
Analyze       CMakeFiles           Configuration  Decoding  Filtering        Logging   Processing  Status
ChannelArray  cmake_install.cmake  DataChannel    Detect    Global           Makefile  Receive     ThreadPool
Classify      Codegen              DataType       Event     ImageConversion  Output    Recorder    Tracking
vantacr@c001827170:~/work/PersonnelDetectionGen0/build/lib$ cd Analyze/
vantacr@c001827170:~/work/PersonnelDetectionGen0/build/lib/Analyze$ ls
CMakeFiles  cmake_install.cmake  Makefile
vantacr@c001827170:~/work/PersonnelDetectionGen0/build/lib/Analyze$ cd ../../
vantacr@c001827170:~/work/PersonnelDetectionGen0/build$ make install
Scanning dependencies of target Configuration
[  1%] Building CXX object lib/Configuration/CMakeFiles/Configuration.dir/ConfigurationManager.cpp.o
[  1%] Linking CXX static library libConfiguration.a
[  1%] Built target Configuration
Scanning dependencies of target Event
[  2%] Building CXX object lib/Event/CMakeFiles/Event.dir/Event.cpp.o
[  2%] Building CXX object lib/Event/CMakeFiles/Event.dir/EventDispatcher.cpp.o
[  3%] Building CXX object lib/Event/CMakeFiles/Event.dir/EventConnection.cpp.o
[  3%] Building CXX object lib/Event/CMakeFiles/Event.dir/EventWaiter.cpp.o
[  4%] Building CXX object lib/Event/CMakeFiles/Event.dir/Global/StatusEvent.cpp.o
[  4%] Building CXX object lib/Event/CMakeFiles/Event.dir/Global/ErrorEvent.cpp.o
[  5%] Building CXX object lib/Event/CMakeFiles/Event.dir/Global/StopEvent.cpp.o
[  5%] Linking CXX static library libEvent.a
[  5%] Built target Event
Scanning dependencies of target ThreadPool
[  6%] Building CXX object lib/ThreadPool/CMakeFiles/ThreadPool.dir/ThreadPool.cpp.o
[  6%] Linking CXX static library libThreadPool.a
[  6%] Built target ThreadPool
Scanning dependencies of target DataChannel
[  7%] Building CXX object lib/DataChannel/CMakeFiles/DataChannel.dir/UDPReceive.cpp.o
[  7%] Building CXX object lib/DataChannel/CMakeFiles/DataChannel.dir/UDPTransmit.cpp.o
[  8%] Building CXX object lib/DataChannel/CMakeFiles/DataChannel.dir/Event/DataChannelErrorEvent.cpp.o
[  8%] Linking CXX static library libDataChannel.a
[  8%] Built target DataChannel
Scanning dependencies of target Status
[  8%] Building CXX object lib/Status/CMakeFiles/Status.dir/HeartBeat.cpp.o
[  9%] Building CXX object lib/Status/CMakeFiles/Status.dir/WatchdogTimer.cpp.o
[  9%] Linking CXX static library libStatus.a
[  9%] Built target Status
Scanning dependencies of target DataType
[ 10%] Building CXX object lib/DataType/CMakeFiles/DataType.dir/JpegImage.cpp.o
[ 10%] Building CXX object lib/DataType/CMakeFiles/DataType.dir/Image.cpp.o
[ 11%] Linking CXX static library libDataType.a
[ 11%] Built target DataType
Scanning dependencies of target Global
[ 11%] Building CXX object lib/Global/CMakeFiles/Global.dir/AsyncModule.cpp.o
[ 12%] Linking CXX static library libGlobal.a
[ 12%] Built target Global
Scanning dependencies of target Recorder
[ 12%] Building CXX object lib/Recorder/CMakeFiles/Recorder.dir/ImageRecorder.cpp.o
[ 13%] Linking CXX static library libRecorder.a
[ 13%] Built target Recorder
Scanning dependencies of target Receive
[ 13%] Building CXX object lib/Receive/CMakeFiles/Receive.dir/ImageReceiver.cpp.o
[ 14%] Building CXX object lib/Receive/CMakeFiles/Receive.dir/ImageReceiverFactory.cpp.o
[ 14%] Building CXX object lib/Receive/CMakeFiles/Receive.dir/BCamImageReceiver.cpp.o
[ 15%] Building CXX object lib/Receive/CMakeFiles/Receive.dir/Event/NewImageReceivedEvent.cpp.o
[ 15%] Building CXX object lib/Receive/CMakeFiles/Receive.dir/Event/InputAdapterErrorEvent.cpp.o
[ 16%] Building CXX object lib/Receive/CMakeFiles/Receive.dir/Event/NewJpegImageEvent.cpp.o
[ 17%] Linking CXX static library libReceive.a
[ 17%] Built target Receive
Scanning dependencies of target Decoding
[ 17%] Building CXX object lib/Decoding/CMakeFiles/Decoding.dir/JpegDecoderInternal.cpp.o
[ 18%] Building CXX object lib/Decoding/CMakeFiles/Decoding.dir/ImageDecoder.cpp.o
[ 18%] Building CXX object lib/Decoding/CMakeFiles/Decoding.dir/JpegDecoder.cpp.o
[ 19%] Building CXX object lib/Decoding/CMakeFiles/Decoding.dir/Event/NewImageDecodedEvent.cpp.o
[ 19%] Building CXX object lib/Decoding/CMakeFiles/Decoding.dir/Event/DecodingErrorEvent.cpp.o
[ 20%] Linking CXX static library libDecoding.a
[ 20%] Built target Decoding
Scanning dependencies of target ChannelArray
[ 20%] Building CXX object lib/ChannelArray/CMakeFiles/ChannelArray.dir/Array.cpp.o
[ 21%] Building CXX object lib/ChannelArray/CMakeFiles/ChannelArray.dir/ArraySmoother.cpp.o
[ 21%] Building CXX object lib/ChannelArray/CMakeFiles/ChannelArray.dir/ArrayResampler.cpp.o
[ 22%] Building CXX object lib/ChannelArray/CMakeFiles/ChannelArray.dir/ArrayPadder.cpp.o
[ 22%] Linking CXX static library libChannelArray.a
[ 22%] Built target ChannelArray
Scanning dependencies of target ImageConversion
[ 22%] Building CXX object lib/ImageConversion/CMakeFiles/ImageConversion.dir/RGB2LUV.cpp.o
[ 23%] Linking CXX static library libImageConversion.a
[ 23%] Built target ImageConversion
Scanning dependencies of target Classify
[ 24%] Building CXX object lib/Classify/CMakeFiles/Classify.dir/Classifier.cpp.o
/home/vantacr/work/PersonnelDetectionGen0/lib/Classify/Classifier.cpp:50:90: warning: unused parameter ‘depth’ [-Wunused-parameter]
 Classifier::getChild(const float *chns1, uint32_t offset, uint32_t &k0, uint32_t &k, int depth, uint32_t* cids) const
                                                                                          ^
[ 24%] Linking CXX static library libClassify.a
[ 24%] Built target Classify
Scanning dependencies of target Detect
[ 25%] Building CXX object lib/Detect/CMakeFiles/Detect.dir/Detector.cpp.o
[ 25%] Building CXX object lib/Detect/CMakeFiles/Detect.dir/NewDetectorReader.cpp.o
[ 26%] Building CXX object lib/Detect/CMakeFiles/Detect.dir/ChannelsPyramid.cpp.o
[ 26%] Building CXX object lib/Detect/CMakeFiles/Detect.dir/ChannelsPyramidLevel.cpp.o
[ 27%] Building CXX object lib/Detect/CMakeFiles/Detect.dir/GradientCalculator.cpp.o
[ 27%] Linking CXX static library libDetect.a
[ 27%] Built target Detect
Scanning dependencies of target Codegen
[ 28%] Building CXX object lib/Codegen/CMakeFiles/Codegen.dir/CodegenInterface.cpp.o
[ 28%] Building CXX object lib/Codegen/CMakeFiles/Codegen.dir/DetectorReader.cpp.o
[ 29%] Building CXX object lib/Codegen/CMakeFiles/Codegen.dir/Event/CodegenErrorEvent.cpp.o
[ 30%] Building CXX object lib/Codegen/CMakeFiles/Codegen.dir/Generated/abs.cpp.o
[ 30%] Building CXX object lib/Codegen/CMakeFiles/Codegen.dir/Generated/acfDetect1.cpp.o
[ 31%] Building CXX object lib/Codegen/CMakeFiles/Codegen.dir/Generated/acfDetectAtScale.cpp.o
[ 31%] Building CXX object lib/Codegen/CMakeFiles/Codegen.dir/Generated/acfDetect.cpp.o
[ 32%] Building CXX object lib/Codegen/CMakeFiles/Codegen.dir/Generated/all.cpp.o
[ 32%] Building CXX object lib/Codegen/CMakeFiles/Codegen.dir/Generated/any1.cpp.o
[ 33%] Building CXX object lib/Codegen/CMakeFiles/Codegen.dir/Generated/anyNonFinite.cpp.o
[ 33%] Building CXX object lib/Codegen/CMakeFiles/Codegen.dir/Generated/assignDetectionsToTracks.cpp.o
[ 34%] Building CXX object lib/Codegen/CMakeFiles/Codegen.dir/Generated/bsxfun.cpp.o
[ 34%] Building CXX object lib/Codegen/CMakeFiles/Codegen.dir/Generated/channel_type_info.cpp.o
[ 35%] Building CXX object lib/Codegen/CMakeFiles/Codegen.dir/Generated/check_channel.cpp.o
[ 35%] Building CXX object lib/Codegen/CMakeFiles/Codegen.dir/Generated/checkCovariance.cpp.o
[ 36%] Building CXX object lib/Codegen/CMakeFiles/Codegen.dir/Generated/chnsCompute.cpp.o
[ 36%] Building CXX object lib/Codegen/CMakeFiles/Codegen.dir/Generated/chnsPyramid.cpp.o
[ 37%] Building CXX object lib/Codegen/CMakeFiles/Codegen.dir/Generated/constAccelerationModel.cpp.o
[ 38%] Building CXX object lib/Codegen/CMakeFiles/Codegen.dir/Generated/constVelocityModel.cpp.o
[ 38%] Building CXX object lib/Codegen/CMakeFiles/Codegen.dir/Generated/convConst.cpp.o
[ 39%] Building CXX object lib/Codegen/CMakeFiles/Codegen.dir/Generated/convTri.cpp.o
[ 39%] Building CXX object lib/Codegen/CMakeFiles/Codegen.dir/Generated/diag.cpp.o
[ 40%] Building CXX object lib/Codegen/CMakeFiles/Codegen.dir/Generated/eig.cpp.o
[ 40%] Building CXX object lib/Codegen/CMakeFiles/Codegen.dir/Generated/eml_setop.cpp.o
[ 41%] Building CXX object lib/Codegen/CMakeFiles/Codegen.dir/Generated/eps.cpp.o
[ 41%] Building CXX object lib/Codegen/CMakeFiles/Codegen.dir/Generated/expandScalarValue.cpp.o
[ 42%] Building CXX object lib/Codegen/CMakeFiles/Codegen.dir/Generated/getExpectedImageSize.cpp.o
[ 42%] Building CXX object lib/Codegen/CMakeFiles/Codegen.dir/Generated/getMaximumNumberOfDetections.cpp.o
[ 43%] Building CXX object lib/Codegen/CMakeFiles/Codegen.dir/Generated/getMaximumNumberOfTracks.cpp.o
[ 43%] Building CXX object lib/Codegen/CMakeFiles/Codegen.dir/Generated/getTrackPositions.cpp.o
[ 44%] Building CXX object lib/Codegen/CMakeFiles/Codegen.dir/Generated/gradientMag.cpp.o
[ 44%] Building CXX object lib/Codegen/CMakeFiles/Codegen.dir/Generated/gradientMex.cpp.o
[ 45%] Building CXX object lib/Codegen/CMakeFiles/Codegen.dir/Generated/imPad.cpp.o
[ 46%] Building CXX object lib/Codegen/CMakeFiles/Codegen.dir/Generated/imPadMex.cpp.o
[ 46%] Building CXX object lib/Codegen/CMakeFiles/Codegen.dir/Generated/imResample.cpp.o
[ 47%] Building CXX object lib/Codegen/CMakeFiles/Codegen.dir/Generated/initBboxFilterConstantVelocity.cpp.o
[ 47%] Building CXX object lib/Codegen/CMakeFiles/Codegen.dir/Generated/isSymmetricPositiveSemiDefinite.cpp.o
[ 48%] Building CXX object lib/Codegen/CMakeFiles/Codegen.dir/Generated/KalmanFilter.cpp.o
[ 48%] Building CXX object lib/Codegen/CMakeFiles/Codegen.dir/Generated/lower.cpp.o
[ 49%] Building CXX object lib/Codegen/CMakeFiles/Codegen.dir/Generated/lusolve.cpp.o
/home/vantacr/work/PersonnelDetectionGen0/lib/Codegen/Generated/lusolve.cpp: In function ‘void lusolve(const real_T*, emxArray_real_T*)’:
/home/vantacr/work/PersonnelDetectionGen0/lib/Codegen/Generated/lusolve.cpp:82:27: warning: array subscript is above array bounds [-Warray-bounds]
           b_A[i] += b_A[ix] * -smax;
                           ^
[ 49%] Building CXX object lib/Codegen/CMakeFiles/Codegen.dir/Generated/mod.cpp.o
[ 50%] Building CXX object lib/Codegen/CMakeFiles/Codegen.dir/Generated/multiObjectTracker.cpp.o
[ 50%] Building CXX object lib/Codegen/CMakeFiles/Codegen.dir/Generated/nullAssignment.cpp.o
[ 51%] Building CXX object lib/Codegen/CMakeFiles/Codegen.dir/Generated/objectDetection.cpp.o
[ 51%] Building CXX object lib/Codegen/CMakeFiles/Codegen.dir/Generated/objectTrack.cpp.o
[ 52%] Building CXX object lib/Codegen/CMakeFiles/Codegen.dir/Generated/personnelDetection.cpp.o
[ 53%] Building CXX object lib/Codegen/CMakeFiles/Codegen.dir/Generated/personnelDetection_data.cpp.o
[ 53%] Building CXX object lib/Codegen/CMakeFiles/Codegen.dir/Generated/personnelDetection_emxAPI.cpp.o
[ 54%] Building CXX object lib/Codegen/CMakeFiles/Codegen.dir/Generated/personnelDetection_emxutil.cpp.o
[ 54%] Building CXX object lib/Codegen/CMakeFiles/Codegen.dir/Generated/personnelDetection_initialize.cpp.o
[ 55%] Building CXX object lib/Codegen/CMakeFiles/Codegen.dir/Generated/personnelDetection_rtwutil.cpp.o
[ 55%] Building CXX object lib/Codegen/CMakeFiles/Codegen.dir/Generated/personnelDetection_terminate.cpp.o
[ 56%] Building CXX object lib/Codegen/CMakeFiles/Codegen.dir/Generated/read_channel.cpp.o
[ 56%] Building CXX object lib/Codegen/CMakeFiles/Codegen.dir/Generated/repmat.cpp.o
[ 57%] Building CXX object lib/Codegen/CMakeFiles/Codegen.dir/Generated/resample.cpp.o
/home/vantacr/work/PersonnelDetectionGen0/lib/Codegen/Generated/resample.cpp: In function ‘void resample(float*, float*, int, int, int, int, int, float)’:
/home/vantacr/work/PersonnelDetectionGen0/lib/Codegen/Generated/resample.cpp:74:61: warning: ‘wtsf[3]’ may be used uninitialized in this function [-Wmaybe-uninitialized]
       int m=1; while( x1+m<wn && xb==xbs[x1+m] ) m++; float wtsf[4];
                                                             ^
/home/vantacr/work/PersonnelDetectionGen0/lib/Codegen/Generated/resample.cpp:74:61: warning: ‘wtsf[2]’ may be used uninitialized in this function [-Wmaybe-uninitialized]
/home/vantacr/work/PersonnelDetectionGen0/lib/Codegen/Generated/resample.cpp:74:61: warning: ‘wtsf[1]’ may be used uninitialized in this function [-Wmaybe-uninitialized]
[ 57%] Building CXX object lib/Codegen/CMakeFiles/Codegen.dir/Generated/rgbConvert.cpp.o
[ 58%] Building CXX object lib/Codegen/CMakeFiles/Codegen.dir/Generated/round.cpp.o
[ 58%] Building CXX object lib/Codegen/CMakeFiles/Codegen.dir/Generated/rtGetInf.cpp.o
[ 59%] Building CXX object lib/Codegen/CMakeFiles/Codegen.dir/Generated/rtGetNaN.cpp.o
[ 59%] Building CXX object lib/Codegen/CMakeFiles/Codegen.dir/Generated/rt_nonfinite.cpp.o
[ 60%] Building CXX object lib/Codegen/CMakeFiles/Codegen.dir/Generated/sortLE.cpp.o
[ 61%] Building CXX object lib/Codegen/CMakeFiles/Codegen.dir/Generated/sqrt.cpp.o
[ 61%] Building CXX object lib/Codegen/CMakeFiles/Codegen.dir/Generated/strcmp.cpp.o
[ 62%] Building CXX object lib/Codegen/CMakeFiles/Codegen.dir/Generated/sum.cpp.o
[ 62%] Building CXX object lib/Codegen/CMakeFiles/Codegen.dir/Generated/trackingKF.cpp.o
[ 63%] Building CXX object lib/Codegen/CMakeFiles/Codegen.dir/Generated/validatestring.cpp.o
[ 63%] Building CXX object lib/Codegen/CMakeFiles/Codegen.dir/Generated/wrappers.cpp.o
[ 64%] Building CXX object lib/Codegen/CMakeFiles/Codegen.dir/Generated/write_channel.cpp.o
[ 64%] Building CXX object lib/Codegen/CMakeFiles/Codegen.dir/Generated/xdhseqr.cpp.o
[ 65%] Building CXX object lib/Codegen/CMakeFiles/Codegen.dir/Generated/xdlanv2.cpp.o
[ 65%] Building CXX object lib/Codegen/CMakeFiles/Codegen.dir/Generated/xgehrd.cpp.o
[ 66%] Building CXX object lib/Codegen/CMakeFiles/Codegen.dir/Generated/xnrm2.cpp.o
[ 66%] Building CXX object lib/Codegen/CMakeFiles/Codegen.dir/Generated/xrot.cpp.o
[ 67%] Building CXX object lib/Codegen/CMakeFiles/Codegen.dir/Generated/xscal.cpp.o
[ 67%] Building CXX object lib/Codegen/CMakeFiles/Codegen.dir/Generated/xzgeev.cpp.o
[ 68%] Building CXX object lib/Codegen/CMakeFiles/Codegen.dir/Generated/xzggbal.cpp.o
[ 69%] Building CXX object lib/Codegen/CMakeFiles/Codegen.dir/Generated/xzhgeqz.cpp.o
[ 69%] Building CXX object lib/Codegen/CMakeFiles/Codegen.dir/Generated/xzlanhs.cpp.o
[ 70%] Building CXX object lib/Codegen/CMakeFiles/Codegen.dir/Generated/xzlarfg.cpp.o
[ 70%] Building CXX object lib/Codegen/CMakeFiles/Codegen.dir/Generated/xzlartg.cpp.o
[ 71%] Building CXX object lib/Codegen/CMakeFiles/Codegen.dir/Generated/rdivide.cpp.o
[ 71%] Building CXX object lib/Codegen/CMakeFiles/Codegen.dir/Generated/acfDetectAtScale_initialize.cpp.o
[ 72%] Building CXX object lib/Codegen/CMakeFiles/Codegen.dir/Generated/acfDetect_initialize.cpp.o
[ 72%] Building CXX object lib/Codegen/CMakeFiles/Codegen.dir/Generated/trackDetections.cpp.o
[ 73%] Building CXX object lib/Codegen/CMakeFiles/Codegen.dir/Generated/trackDetections_initialize.cpp.o
[ 73%] Building CXX object lib/Codegen/CMakeFiles/Codegen.dir/Generated/acfDetectAtChip.cpp.o
[ 74%] Building CXX object lib/Codegen/CMakeFiles/Codegen.dir/Generated/chnsComputeAtScale.cpp.o
[ 74%] Building CXX object lib/Codegen/CMakeFiles/Codegen.dir/Generated/getNumberOfScales.cpp.o
[ 75%] Linking CXX static library libCodegen.a
[ 75%] Built target Codegen
Scanning dependencies of target Processing
[ 75%] Building CXX object lib/Processing/CMakeFiles/Processing.dir/Processor.cpp.o
[ 76%] Building CXX object lib/Processing/CMakeFiles/Processing.dir/ProcessorFactory.cpp.o
[ 76%] Building CXX object lib/Processing/CMakeFiles/Processing.dir/MockProcessor.cpp.o
[ 77%] Building CXX object lib/Processing/CMakeFiles/Processing.dir/AcfProcessor.cpp.o
[ 77%] Building CXX object lib/Processing/CMakeFiles/Processing.dir/FullImageProcessor.cpp.o
[ 78%] Building CXX object lib/Processing/CMakeFiles/Processing.dir/PartialImageProcessor.cpp.o
[ 79%] Building CXX object lib/Processing/CMakeFiles/Processing.dir/ChipImageProcessor.cpp.o
[ 79%] Building CXX object lib/Processing/CMakeFiles/Processing.dir/Event/ProcessingErrorEvent.cpp.o
[ 80%] Building CXX object lib/Processing/CMakeFiles/Processing.dir/Event/NewImageWithBoundingBoxesEvent.cpp.o
[ 80%] Building CXX object lib/Processing/CMakeFiles/Processing.dir/Event/NewProcessedImageEvent.cpp.o
[ 81%] Building CXX object lib/Processing/CMakeFiles/Processing.dir/Event/NewProcessingScalesEvent.cpp.o
[ 81%] Building CXX object lib/Processing/CMakeFiles/Processing.dir/Event/NewDetectionChipsEvent.cpp.o
[ 82%] Building CXX object lib/Processing/CMakeFiles/Processing.dir/Event/NewVerifiedChipsEvent.cpp.o
[ 82%] Building CXX object lib/Processing/CMakeFiles/Processing.dir/Event/NewDetectionsEvent.cpp.o
[ 83%] Linking CXX static library libProcessing.a
[ 83%] Built target Processing
Scanning dependencies of target Filtering
[ 84%] Building CXX object lib/Filtering/CMakeFiles/Filtering.dir/Filter.cpp.o
[ 85%] Building CXX object lib/Filtering/CMakeFiles/Filtering.dir/DetectionsFilter.cpp.o
[ 85%] Building CXX object lib/Filtering/CMakeFiles/Filtering.dir/NonMaximalSuppression.cpp.o
[ 86%] Building CXX object lib/Filtering/CMakeFiles/Filtering.dir/MockFilter.cpp.o
[ 86%] Building CXX object lib/Filtering/CMakeFiles/Filtering.dir/FilterFactory.cpp.o
[ 87%] Building CXX object lib/Filtering/CMakeFiles/Filtering.dir/Event/NewFilteredDetectionsEvent.cpp.o
[ 87%] Building CXX object lib/Filtering/CMakeFiles/Filtering.dir/Event/FilteringErrorEvent.cpp.o
[ 88%] Linking CXX static library libFiltering.a
[ 88%] Built target Filtering
Scanning dependencies of target Tracking
[ 89%] Building CXX object lib/Tracking/CMakeFiles/Tracking.dir/Tracker.cpp.o
[ 89%] Building CXX object lib/Tracking/CMakeFiles/Tracking.dir/Event/TrackingErrorEvent.cpp.o
[ 90%] Building CXX object lib/Tracking/CMakeFiles/Tracking.dir/Event/NewTrackedDetectionsEvent.cpp.o
[ 90%] Linking CXX static library libTracking.a
[ 90%] Built target Tracking
Scanning dependencies of target Output
[ 91%] Building CXX object lib/Output/CMakeFiles/Output.dir/Output.cpp.o
[ 91%] Building CXX object lib/Output/CMakeFiles/Output.dir/OutputFactory.cpp.o
[ 92%] Building CXX object lib/Output/CMakeFiles/Output.dir/D6DisplayOutputAdapter.cpp.o
[ 92%] Building CXX object lib/Output/CMakeFiles/Output.dir/Event/OutputAdapterErrorEvent.cpp.o
[ 93%] Linking CXX static library libOutput.a
[ 93%] Built target Output
Scanning dependencies of target Logging
[ 94%] Building CXX object lib/Logging/CMakeFiles/Logging.dir/Logger.cpp.o
[ 94%] Linking CXX static library libLogging.a
[ 94%] Built target Logging
Scanning dependencies of target Analyze
[ 94%] Building CXX object lib/Analyze/CMakeFiles/Analyze.dir/Analyzer.cpp.o
[ 95%] Building CXX object lib/Analyze/CMakeFiles/Analyze.dir/AnalyzerFactory.cpp.o
[ 95%] Building CXX object lib/Analyze/CMakeFiles/Analyze.dir/TimingAnalyzer.cpp.o
[ 96%] Linking CXX static library libAnalyze.a
[ 96%] Built target Analyze
Scanning dependencies of target PersonnelDetectionGen0
[ 96%] Building CXX object src/CMakeFiles/PersonnelDetectionGen0.dir/main.cpp.o
[ 97%] Linking CXX executable PersonnelDetectionGen0
[ 97%] Built target PersonnelDetectionGen0
Scanning dependencies of target Watchdog
[ 98%] Building CXX object src/CMakeFiles/Watchdog.dir/watchdog.cpp.o
[ 99%] Linking CXX executable Watchdog
[ 99%] Built target Watchdog
Scanning dependencies of target InputForker
[ 99%] Building CXX object src/CMakeFiles/InputForker.dir/inputForker.cpp.o
[100%] Linking CXX executable InputForker
[100%] Built target InputForker
Install the project...
-- Install configuration: "Release"
-- Installing: /home/vantacr/work/PersonnelDetectionGen0/bin/PersonnelDetectionGen0
-- Installing: /home/vantacr/work/PersonnelDetectionGen0/bin/Watchdog
-- Installing: /home/vantacr/work/PersonnelDetectionGen0/bin/InputForker
vantacr@c001827170:~/work/PersonnelDetectionGen0/build$ ls -lh
total 56K
-rw-rw-r--  1 vantacr vantacr  19K Oct  4 13:43 CMakeCache.txt
drwxrwxr-x  4 vantacr vantacr 4.0K Oct  4 13:45 CMakeFiles
-rw-rw-r--  1 vantacr vantacr 1.7K Oct  4 13:43 cmake_install.cmake
-rw-rw-r--  1 vantacr vantacr  181 Oct  4 13:45 install_manifest.txt
drwxrwxr-x 24 vantacr vantacr 4.0K Oct  4 13:43 lib
-rw-rw-r--  1 vantacr vantacr  16K Oct  4 13:43 Makefile
drwxrwxr-x  3 vantacr vantacr 4.0K Oct  4 13:45 src
vantacr@c001827170:~/work/PersonnelDetectionGen0/build$ cd ../bin/
vantacr@c001827170:~/work/PersonnelDetectionGen0/bin$ ls
InputForker  PersonnelDetectionGen0  Watchdog
vantacr@c001827170:~/work/PersonnelDetectionGen0/bin$ ^C
vantacr@c001827170:~/work/PersonnelDetectionGen0/bin$ 

