vantacr@c001827170:~$ lsb_release -a
No LSB modules are available.
Distributor ID:	Ubuntu
Description:	Ubuntu 16.04.4 LTS
Release:	16.04
Codename:	xenial
vantacr@c001827170:~$ lsinfo
No command 'lsinfo' found, did you mean:
 Command 'sinfo' from package 'slurm-client' (universe)
 Command 'fsinfo' from package 'python-fs' (universe)
 Command 'lpsinfo' from package 'mcrl2' (universe)
 Command 'tsinfo' from package 'tstools' (universe)
 Command 'lasinfo' from package 'liblas-bin' (universe)
 Command 'ltsinfo' from package 'mcrl2' (universe)
 Command 'lpinfo' from package 'cups-client' (main)
lsinfo: command not found
vantacr@c001827170:~$ cpuinfo
cpuinfo: command not found
vantacr@c001827170:~$ lscpu
Architecture:          x86_64
CPU op-mode(s):        32-bit, 64-bit
Byte Order:            Little Endian
CPU(s):                8
On-line CPU(s) list:   0-7
Thread(s) per core:    2
Core(s) per socket:    4
Socket(s):             1
NUMA node(s):          1
Vendor ID:             GenuineIntel
CPU family:            6
Model:                 94
Model name:            Intel(R) Core(TM) i7-6820HQ CPU @ 2.70GHz
Stepping:              3
CPU MHz:               2700.000
CPU max MHz:           3600.0000
CPU min MHz:           800.0000
BogoMIPS:              5424.00
Virtualization:        VT-x
L1d cache:             32K
L1i cache:             32K
L2 cache:              256K
L3 cache:              8192K
NUMA node0 CPU(s):     0-7
Flags:                 fpu vme de pse tsc msr pae mce cx8 apic sep mtrr pge mca cmov pat pse36 clflush dts acpi mmx fxsr sse sse2 ss ht tm pbe syscall nx pdpe1gb rdtscp lm constant_tsc art arch_perfmon pebs bts rep_good nopl xtopology nonstop_tsc cpuid aperfmperf tsc_known_freq pni pclmulqdq dtes64 monitor ds_cpl vmx smx est tm2 ssse3 sdbg fma cx16 xtpr pdcm pcid sse4_1 sse4_2 x2apic movbe popcnt tsc_deadline_timer aes xsave avx f16c rdrand lahf_lm abm 3dnowprefetch cpuid_fault epb invpcid_single pti retpoline intel_pt rsb_ctxsw spec_ctrl tpr_shadow vnmi flexpriority ept vpid fsgsbase tsc_adjust bmi1 hle avx2 smep bmi2 erms invpcid rtm mpx rdseed adx smap clflushopt xsaveopt xsavec xgetbv1 xsaves dtherm ida arat pln pts hwp hwp_notify hwp_act_window hwp_epp
vantacr@c001827170:~$ ls
ls           lsblk        lscpu        lshw         lsipc        lslogins     lsof         lspcmcia     lsusb        
lsattr       lsb_release  lsdiff       lsinitramfs  lslocks      lsmod        lspci        lspgpot      
vantacr@c001827170:~$ ls
ls           lsblk        lscpu        lshw         lsipc        lslogins     lsof         lspcmcia     lsusb        
lsattr       lsb_release  lsdiff       lsinitramfs  lslocks      lsmod        lspci        lspgpot      
vantacr@c001827170:~$ lsipc
RESOURCE DESCRIPTION                                              LIMIT  USED  USE%
MSGMNI   Number of message queues                                 32000     0 0.00%
MSGMAX   Max size of message (bytes)                               8192     -     -
MSGMNB   Default max size of queue (bytes)                        16384     -     -
SHMMNI   Shared memory segments                                    4096    35 0.85%
SHMALL   Shared memory pages                       18446744073692774399 23720 0.00%
SHMMAX   Max size of shared memory segment (bytes) 18446744073692774399     -     -
SHMMIN   Min size of shared memory segment (bytes)                    1     -     -
SEMMNI   Number of semaphore identifiers                          32000     0 0.00%
SEMMNS   Total number of semaphores                          1024000000     0 0.00%
SEMMSL   Max semaphores per semaphore set.                        32000     -     -
SEMOPM   Max number of operations per semop(2)                      500     -     -
SEMVMX   Semaphore max value                                      32767     -     -
vantacr@c001827170:~$ lshw
WARNING: you should run this program as super-user.
c001827170                
    description: Computer
    width: 64 bits
    capabilities: vsyscall32
  *-core
       description: Motherboard
       physical id: 0
     *-memory
          description: System memory
          physical id: 0
          size: 15GiB
     *-cpu
          product: Intel(R) Core(TM) i7-6820HQ CPU @ 2.70GHz
          vendor: Intel Corp.
          physical id: 1
          bus info: cpu@0
          size: 1217MHz
          capacity: 3600MHz
          width: 64 bits
          capabilities: fpu fpu_exception wp vme de pse tsc msr pae mce cx8 apic sep mtrr pge mca cmov pat pse36 clflush dts acpi mmx fxsr sse sse2 ss ht tm pbe syscall nx pdpe1gb rdtscp x86-64 constant_tsc art arch_perfmon pebs bts rep_good nopl xtopology nonstop_tsc cpuid aperfmperf tsc_known_freq pni pclmulqdq dtes64 monitor ds_cpl vmx smx est tm2 ssse3 sdbg fma cx16 xtpr pdcm pcid sse4_1 sse4_2 x2apic movbe popcnt tsc_deadline_timer aes xsave avx f16c rdrand lahf_lm abm 3dnowprefetch cpuid_fault epb invpcid_single pti retpoline intel_pt rsb_ctxsw spec_ctrl tpr_shadow vnmi flexpriority ept vpid fsgsbase tsc_adjust bmi1 hle avx2 smep bmi2 erms invpcid rtm mpx rdseed adx smap clflushopt xsaveopt xsavec xgetbv1 xsaves dtherm ida arat pln pts hwp hwp_notify hwp_act_window hwp_epp cpufreq
     *-pci
          description: Host bridge
          product: Sky Lake Host Bridge/DRAM Registers
          vendor: Intel Corporation
          physical id: 100
          bus info: pci@0000:00:00.0
          version: 07
          width: 32 bits
          clock: 33MHz
          configuration: driver=skl_uncore
          resources: irq:0
        *-pci:0
             description: PCI bridge
             product: Sky Lake PCIe Controller (x16)
             vendor: Intel Corporation
             physical id: 1
             bus info: pci@0000:00:01.0
             version: 07
             width: 32 bits
             clock: 33MHz
             capabilities: pci normal_decode bus_master cap_list
             configuration: driver=pcieport
             resources: irq:16 ioport:e000(size=4096) memory:ec000000-ed0fffff ioport:c0000000(size=301989888)
           *-display
                description: 3D controller
                product: NVIDIA Corporation
                vendor: NVIDIA Corporation
                physical id: 0
                bus info: pci@0000:01:00.0
                version: a2
                width: 64 bits
                clock: 33MHz
                capabilities: bus_master cap_list rom
                configuration: driver=nouveau latency=0
                resources: irq:135 memory:ec000000-ecffffff memory:c0000000-cfffffff memory:d0000000-d1ffffff ioport:e000(size=128) memory:ed000000-ed07ffff
        *-display
             description: VGA compatible controller
             product: Intel Corporation
             vendor: Intel Corporation
             physical id: 2
             bus info: pci@0000:00:02.0
             version: 06
             width: 64 bits
             clock: 33MHz
             capabilities: vga_controller bus_master cap_list rom
             configuration: driver=i915 latency=0
             resources: irq:136 memory:eb000000-ebffffff memory:80000000-8fffffff ioport:f000(size=64) memory:c0000-dffff
        *-generic:0
             description: Signal processing controller
             product: Intel Corporation
             vendor: Intel Corporation
             physical id: 4
             bus info: pci@0000:00:04.0
             version: 07
             width: 64 bits
             clock: 33MHz
             capabilities: cap_list
             configuration: driver=proc_thermal latency=0
             resources: irq:16 memory:edd20000-edd27fff
        *-usb
             description: USB controller
             product: Sunrise Point-H USB 3.0 xHCI Controller
             vendor: Intel Corporation
             physical id: 14
             bus info: pci@0000:00:14.0
             version: 31
             width: 64 bits
             clock: 33MHz
             capabilities: xhci bus_master cap_list
             configuration: driver=xhci_hcd latency=0
             resources: irq:128 memory:edd10000-edd1ffff
        *-generic:1
             description: Signal processing controller
             product: Sunrise Point-H Thermal subsystem
             vendor: Intel Corporation
             physical id: 14.2
             bus info: pci@0000:00:14.2
             version: 31
             width: 64 bits
             clock: 33MHz
             capabilities: cap_list
             configuration: driver=intel_pch_thermal latency=0
             resources: irq:18 memory:edd38000-edd38fff
        *-generic:2
             description: Signal processing controller
             product: Sunrise Point-H LPSS I2C Controller #0
             vendor: Intel Corporation
             physical id: 15
             bus info: pci@0000:00:15.0
             version: 31
             width: 64 bits
             clock: 33MHz
             capabilities: bus_master cap_list
             configuration: driver=intel-lpss latency=0
             resources: irq:16 memory:edd37000-edd37fff
        *-generic:3
             description: Signal processing controller
             product: Sunrise Point-H LPSS I2C Controller #1
             vendor: Intel Corporation
             physical id: 15.1
             bus info: pci@0000:00:15.1
             version: 31
             width: 64 bits
             clock: 33MHz
             capabilities: bus_master cap_list
             configuration: driver=intel-lpss latency=0
             resources: irq:17 memory:edd36000-edd36fff
        *-communication
             description: Communication controller
             product: Sunrise Point-H CSME HECI #1
             vendor: Intel Corporation
             physical id: 16
             bus info: pci@0000:00:16.0
             version: 31
             width: 64 bits
             clock: 33MHz
             capabilities: bus_master cap_list
             configuration: driver=mei_me latency=0
             resources: irq:126 memory:edd35000-edd35fff
        *-storage
             description: SATA controller
             product: Sunrise Point-H SATA controller [AHCI mode]
             vendor: Intel Corporation
             physical id: 17
             bus info: pci@0000:00:17.0
             version: 31
             width: 32 bits
             clock: 66MHz
             capabilities: storage ahci_1.0 bus_master cap_list
             configuration: driver=ahci latency=0
             resources: irq:134 memory:edd30000-edd31fff memory:edd34000-edd340ff ioport:f090(size=8) ioport:f080(size=4) ioport:f060(size=32) memory:edd33000-edd337ff
        *-pci:1
             description: PCI bridge
             product: Sunrise Point-H PCI Express Root Port #1
             vendor: Intel Corporation
             physical id: 1c
             bus info: pci@0000:00:1c.0
             version: f1
             width: 32 bits
             clock: 33MHz
             capabilities: pci normal_decode bus_master cap_list
             configuration: driver=pcieport
             resources: irq:122 memory:edc00000-edcfffff
           *-network
                description: Wireless interface
                product: Intel Corporation
                vendor: Intel Corporation
                physical id: 0
                bus info: pci@0000:02:00.0
                logical name: wlp2s0
                version: 78
                serial: c0:b6:f9:c2:57:8b
                width: 64 bits
                clock: 33MHz
                capabilities: bus_master cap_list ethernet physical wireless
                configuration: broadcast=yes driver=iwlwifi driverversion=4.13.0-36-generic firmware=31.560484.0 latency=0 link=no multicast=yes wireless=IEEE 802.11
                resources: irq:144 memory:edc00000-edc01fff
        *-pci:2
             description: PCI bridge
             product: Sunrise Point-H PCI Express Root Port #2
             vendor: Intel Corporation
             physical id: 1c.1
             bus info: pci@0000:00:1c.1
             version: f1
             width: 32 bits
             clock: 33MHz
             capabilities: pci normal_decode bus_master cap_list
             configuration: driver=pcieport
             resources: irq:123 ioport:d000(size=4096) memory:ed100000-edafffff ioport:d2100000(size=10485760)
           *-generic
                description: Unassigned class
                product: Realtek Semiconductor Co., Ltd.
                vendor: Realtek Semiconductor Co., Ltd.
                physical id: 0
                bus info: pci@0000:03:00.0
                version: 01
                width: 32 bits
                clock: 33MHz
                capabilities: bus_master cap_list
                configuration: driver=rtsx_pci latency=0
                resources: irq:132 memory:ed100000-ed100fff
        *-pci:3
             description: PCI bridge
             product: Sunrise Point-H PCI Express Root Port #9
             vendor: Intel Corporation
             physical id: 1d
             bus info: pci@0000:00:1d.0
             version: f1
             width: 32 bits
             clock: 33MHz
             capabilities: pci normal_decode bus_master cap_list
             configuration: driver=pcieport
             resources: irq:124 memory:edb00000-edbfffff
           *-storage
                description: Non-Volatile memory controller
                product: Toshiba America Info Systems
                vendor: Toshiba America Info Systems
                physical id: 0
                bus info: pci@0000:04:00.0
                version: 00
                width: 64 bits
                clock: 33MHz
                capabilities: storage nvm_express bus_master cap_list
                configuration: driver=nvme latency=0
                resources: irq:16 memory:edb00000-edb03fff
        *-pci:4
             description: PCI bridge
             product: Sunrise Point-H PCI Express Root Port #13
             vendor: Intel Corporation
             physical id: 1d.4
             bus info: pci@0000:00:1d.4
             version: f1
             width: 32 bits
             clock: 33MHz
             capabilities: pci normal_decode bus_master cap_list
             configuration: driver=pcieport
             resources: irq:16
        *-pci:5
             description: PCI bridge
             product: Sunrise Point-H PCI Express Root Port #15
             vendor: Intel Corporation
             physical id: 1d.6
             bus info: pci@0000:00:1d.6
             version: f1
             width: 32 bits
             clock: 33MHz
             capabilities: pci normal_decode bus_master cap_list
             configuration: driver=pcieport
             resources: irq:125 ioport:2000(size=8192) memory:d4000000-ea0fffff ioport:90000000(size=570425344)
           *-pci
                description: PCI bridge
                product: Intel Corporation
                vendor: Intel Corporation
                physical id: 0
                bus info: pci@0000:06:00.0
                version: 00
                width: 32 bits
                clock: 33MHz
                capabilities: pci normal_decode bus_master cap_list
                configuration: driver=pcieport
                resources: irq:141 ioport:2000(size=8192) memory:d4000000-ea0fffff ioport:90000000(size=570425344)
              *-pci:0
                   description: PCI bridge
                   product: Intel Corporation
                   vendor: Intel Corporation
                   physical id: 0
                   bus info: pci@0000:07:00.0
                   version: 00
                   width: 32 bits
                   clock: 33MHz
                   capabilities: pci normal_decode bus_master cap_list
                   configuration: driver=pcieport
                   resources: irq:142 memory:ea000000-ea0fffff
              *-pci:1
                   description: PCI bridge
                   product: Intel Corporation
                   vendor: Intel Corporation
                   physical id: 1
                   bus info: pci@0000:07:01.0
                   version: 00
                   width: 32 bits
                   clock: 33MHz
                   capabilities: pci normal_decode bus_master cap_list
                   configuration: driver=pcieport
                   resources: irq:143 ioport:2000(size=4096) memory:d4000000-e9efffff ioport:90000000(size=570425344)
              *-pci:2
                   description: PCI bridge
                   product: Intel Corporation
                   vendor: Intel Corporation
                   physical id: 2
                   bus info: pci@0000:07:02.0
                   version: 00
                   width: 32 bits
                   clock: 33MHz
                   capabilities: pci normal_decode bus_master cap_list
                   configuration: driver=pcieport
                   resources: irq:145 ioport:3000(size=4096) memory:e9f00000-e9ffffff
                 *-usb
                      description: USB controller
                      product: Intel Corporation
                      vendor: Intel Corporation
                      physical id: 0
                      bus info: pci@0000:3e:00.0
                      version: 00
                      width: 32 bits
                      clock: 33MHz
                      capabilities: xhci bus_master cap_list
                      configuration: driver=xhci_hcd latency=0
                      resources: irq:146 memory:e9f00000-e9f0ffff
        *-isa
             description: ISA bridge
             product: Sunrise Point-H LPC Controller
             vendor: Intel Corporation
             physical id: 1f
             bus info: pci@0000:00:1f.0
             version: 31
             width: 32 bits
             clock: 33MHz
             capabilities: isa bus_master
             configuration: latency=0
        *-memory UNCLAIMED
             description: Memory controller
             product: Sunrise Point-H PMC
             vendor: Intel Corporation
             physical id: 1f.2
             bus info: pci@0000:00:1f.2
             version: 31
             width: 32 bits
             clock: 33MHz (30.3ns)
             configuration: latency=0
             resources: memory:edd2c000-edd2ffff
        *-multimedia
             description: Audio device
             product: Intel Corporation
             vendor: Intel Corporation
             physical id: 1f.3
             bus info: pci@0000:00:1f.3
             version: 31
             width: 64 bits
             clock: 33MHz
             capabilities: bus_master cap_list
             configuration: driver=snd_hda_intel latency=32
             resources: irq:129 memory:edd28000-edd2bfff memory:edd00000-edd0ffff
        *-serial UNCLAIMED
             description: SMBus
             product: Sunrise Point-H SMBus
             vendor: Intel Corporation
             physical id: 1f.4
             bus info: pci@0000:00:1f.4
             version: 31
             width: 64 bits
             clock: 33MHz
             configuration: latency=0
             resources: memory:edd32000-edd320ff ioport:f040(size=32)
  *-network
       description: Ethernet interface
       physical id: 1
       logical name: enx106530d08fb0
       serial: 10:65:30:d0:8f:b0
       size: 100Mbit/s
       capacity: 1Gbit/s
       capabilities: ethernet physical tp mii 10bt 10bt-fd 100bt 100bt-fd 1000bt 1000bt-fd autonegotiation
       configuration: autonegotiation=on broadcast=yes driver=r8152 driverversion=v1.09.9 duplex=full ip=10.230.209.104 link=yes multicast=yes port=MII speed=100Mbit/s
WARNING: output may be incomplete or inaccurate, you should run this program as super-user.
vantacr@c001827170:~$ lshw | grep vga
WARNING: you should run this program as super-user.
             capabilities: vga_controller bus_master cap_list rom
WARNING: output may be incomplete or inaccurate, you should run this program as super-user.
vantacr@c001827170:~$ cd dev
bash: cd: dev: No such file or directory
vantacr@c001827170:~$ cd work
vantacr@c001827170:~/work$ cd PersonnelDetectionGen0/
vantacr@c001827170:~/work/PersonnelDetectionGen0$ cd build
vantacr@c001827170:~/work/PersonnelDetectionGen0/build$ cmake ..
-- Setting build type to 'Debug' as none was specified
CMake Warning at CMakeLists.txt:33 (find_package):
  By not providing "FindOpenCV.cmake" in CMAKE_MODULE_PATH this project has
  asked CMake to find a package configuration file provided by "OpenCV", but
  CMake did not find one.

  Could not find a package configuration file provided by "OpenCV" with any
  of the following names:

    OpenCVConfig.cmake
    opencv-config.cmake

  Add the installation prefix of "OpenCV" to CMAKE_PREFIX_PATH or set
  "OpenCV_DIR" to a directory containing one of the above files.  If "OpenCV"
  provides a separate development package or SDK, be sure it has been
  installed.


-- LibVA Include Directory: /usr/include
-- LibVA Library: /usr/lib/x86_64-linux-gnu/libva.so
-- Could NOT find GTest (missing:  GTEST_LIBRARY GTEST_INCLUDE_DIR GTEST_MAIN_LIBRARY) 
-- DRM Include Directory: /usr/include/libdrm
-- DRM Library: /usr/lib/x86_64-linux-gnu/libdrm.so
-- PROTOBUF Include Directory: PROTOBUF_INCLUDE_DIR-NOTFOUND
-- PROTOBUF Library: PROTOBUF_LIBRARY-NOTFOUND
-- Could NOT find PROTOBUF (missing:  PROTOBUF_LIBRARY PROTOBUF_INCLUDE_DIR) 
-- Libraries
--    Configuration
--    Event
--    ThreadPool
--    DataChannel
--    Status
--    DataType
--    Global
--    Recorder
--    Receive
--    Decoding
--    ChannelArray
--    ImageConversion
--    Classify
--    Detect
--    Codegen
--    Processing
--    Filtering
--    Tracking
--    Output
--    Logging
--    Analyze
-- Source
--    PersonnelDetectionGen0
--    Watchdog
--    InputForker
-- Utilities
--    MockDisplayApplication (Missing dependency: OpenCV)
CMake Error at admin/cmake/Modules/ProjectManagement.cmake:93 (install):
  install TARGETS given target "MockDisplayApplication" which does not exist
  in this directory.
Call Stack (most recent call first):
  util/MockDisplayApplication/CMakeLists.txt:16 (project_install)


--    CameraSimulator (Missing dependency: OpenCV)
CMake Error at admin/cmake/Modules/ProjectManagement.cmake:93 (install):
  install TARGETS given target "CameraSimulator" which does not exist in this
  directory.
Call Stack (most recent call first):
  util/CameraSimulator/CMakeLists.txt:16 (project_install)


-- Tests
--    FullImageProcessorTest (Missing dependency: GTest)
--    PartialImageProcessorTest (Missing dependency: GTest)
--    ThreadPoolTest
--    DecodingTest (Missing dependency: OpenCV)
--    JpegDecodertest (Missing dependency: OpenCV)
--    DetectionFiltertest (Missing dependency: GTest)
--    DecoderModuleTest (Missing dependency: GTest)
--    TrackerModuleTest (Missing dependency: GTest)
--    InputModuleTest (Missing dependency: Input)
--    FilterModuleTest (Missing dependency: GTest)
--    FullImageProcessorModuleTest (Missing dependency: GTest)
--    PartialImageProcessorModuleTest (Missing dependency: GTest)
--    ChipImageProcessorModuleTest (Missing dependency: GTest)
--    ChipImageProcessingTest (Missing dependency: OpenCV)
-- Configuring incomplete, errors occurred!
See also "/home/vantacr/work/PersonnelDetectionGen0/build/CMakeFiles/CMakeOutput.log".
vantacr@c001827170:~/work/PersonnelDetectionGen0/build$ sudo apt-get install libgtest-dev
[sudo] password for vantacr: 
Reading package lists... Done
Building dependency tree       
Reading state information... Done
The following NEW packages will be installed:
  libgtest-dev
0 upgraded, 1 newly installed, 0 to remove and 333 not upgraded.
Need to get 198 kB of archives.
After this operation, 1,361 kB of additional disk space will be used.
Get:1 http://us.archive.ubuntu.com/ubuntu xenial/universe amd64 libgtest-dev amd64 1.7.0-4ubuntu1 [198 kB]
Fetched 198 kB in 0s (448 kB/s)      
Selecting previously unselected package libgtest-dev:amd64.
(Reading database ... 181062 files and directories currently installed.)
Preparing to unpack .../libgtest-dev_1.7.0-4ubuntu1_amd64.deb ...
Unpacking libgtest-dev:amd64 (1.7.0-4ubuntu1) ...
Setting up libgtest-dev:amd64 (1.7.0-4ubuntu1) ...
vantacr@c001827170:~/work/PersonnelDetectionGen0/build$ sudo cmake -DBUILD_SHARED_LIBS=ON
CMake Error: The source directory "/home/vantacr/work/PersonnelDetectionGen0/build" does not appear to contain CMakeLists.txt.
Specify --help for usage, or press the help button on the CMake GUI.
vantacr@c001827170:~/work/PersonnelDetectionGen0/build$ pushd
bash: pushd: no other directory
vantacr@c001827170:~/work/PersonnelDetectionGen0/build$ sudo apt-get install GTest
[sudo] password for vantacr: 
Reading package lists... Done
Building dependency tree       
Reading state information... Done
E: Unable to locate package GTest
vantacr@c001827170:~/work/PersonnelDetectionGen0/build$ sudo apt-get install libgtest-dev
Reading package lists... Done
Building dependency tree       
Reading state information... Done
libgtest-dev is already the newest version (1.7.0-4ubuntu1).
0 upgraded, 0 newly installed, 0 to remove and 333 not upgraded.
vantacr@c001827170:~/work/PersonnelDetectionGen0/build$ sudo apt-get install libgtest-dev
Reading package lists... Done
Building dependency tree       
Reading state information... Done
libgtest-dev is already the newest version (1.7.0-4ubuntu1).
0 upgraded, 0 newly installed, 0 to remove and 333 not upgraded.
vantacr@c001827170:~/work/PersonnelDetectionGen0/build$ sudo apt-get install libgtest-dev
Reading package lists... Done
Building dependency tree       
Reading state information... Done
libgtest-dev is already the newest version (1.7.0-4ubuntu1).
0 upgraded, 0 newly installed, 0 to remove and 333 not upgraded.
vantacr@c001827170:~/work/PersonnelDetectionGen0/build$ sudo apt-get install build-essential cmake ccmake
Reading package lists... Done
Building dependency tree       
Reading state information... Done
E: Unable to locate package ccmake
vantacr@c001827170:~/work/PersonnelDetectionGen0/build$ cd /usr/src/gtest
vantacr@c001827170:/usr/src/gtest$ sudo cmake -DBUILD_SHARED_LIBS=ON .
-- The CXX compiler identification is GNU 5.4.0
-- The C compiler identification is GNU 5.4.0
-- Check for working CXX compiler: /usr/bin/c++
-- Check for working CXX compiler: /usr/bin/c++ -- works
-- Detecting CXX compiler ABI info
-- Detecting CXX compiler ABI info - done
-- Detecting CXX compile features
-- Detecting CXX compile features - done
-- Check for working C compiler: /usr/bin/cc
-- Check for working C compiler: /usr/bin/cc -- works
-- Detecting C compiler ABI info
-- Detecting C compiler ABI info - done
-- Detecting C compile features
-- Detecting C compile features - done
-- Found PythonInterp: /usr/bin/python (found version "2.7.12") 
-- Looking for pthread.h
-- Looking for pthread.h - found
-- Looking for pthread_create
-- Looking for pthread_create - not found
-- Looking for pthread_create in pthreads
-- Looking for pthread_create in pthreads - not found
-- Looking for pthread_create in pthread
-- Looking for pthread_create in pthread - found
-- Found Threads: TRUE  
-- Configuring done
-- Generating done
-- Build files have been written to: /usr/src/gtest

