vantacr@c001827170:~$ ls
bin  Compilance Test Course  Desktop  Documents  Downloads  examples.desktop  Gen0 Text Editor files  Music  Pictures  Public  Templates  Videos  work
vantacr@c001827170:~$ cd Documents/
vantacr@c001827170:~/Documents$ ls
Docs
vantacr@c001827170:~/Documents$ cd ..
vantacr@c001827170:~$ cd work/
vantacr@c001827170:~/work$ ls
PersonnelDetectionGen0  ssdk-d6cx.tar.gz  ssp-linux
vantacr@c001827170:~/work$ cd PersonnelDetectionGen0/
vantacr@c001827170:~/work/PersonnelDetectionGen0$ ls
admin      build             catmod.h        CMakeLists.txt  data           etc                 images.list      install.sh      notes.txt   resources  start-utils.sh
attach.sh  build-debug.sh    clean-build.sh  *compilation*   deploy.sh      images_inside.list  images_raw.list  lib             package.sh  run.sh     test
bin        build-release.sh  clean.sh        config          detector.yaml  images_jpeg.list    init.sh          libprotobuf.so  README.md   src        util
vantacr@c001827170:~/work/PersonnelDetectionGen0$ cd data
vantacr@c001827170:~/work/PersonnelDetectionGen0/data$ ls
detector  ILUV.txt  image.png
vantacr@c001827170:~/work/PersonnelDetectionGen0/data$ cp -r /media/vantacr/Kingston-16/
7_3_1_Shalini_ABC12345_20180321072433_cam4.mjpeg  E.zip                                             System Volume Information/
calibration/                                      Octree1/                                          test.cer
Camera/                                           octreeTo2DCostmap-reformat.mp4                    things.txt
cat/                                              octreeTo3DCostmap-reformat.mp4                    .Trash-1000/
CATStereo.csv                                     pacnas02-mount.sh                                 Velodyne/
data/                                             samples/                                          Velodyne.csv
vantacr@c001827170:~/work/PersonnelDetectionGen0/data$ cp -r /media/vantacr/Kingston-16/data/highbay/ .
vantacr@c001827170:~/work/PersonnelDetectionGen0/data$ ls
detector  highbay  ILUV.txt  image.png
vantacr@c001827170:~/work/PersonnelDetectionGen0/data$ cd highbay/
vantacr@c001827170:~/work/PersonnelDetectionGen0/data/highbay$ ls
Image_0.jpg    Image_116.jpg  Image_132.jpg  Image_149.jpg  Image_165.jpg  Image_181.jpg  Image_198.jpg  Image_213.jpg  Image_22.jpg   Image_36.jpg  Image_52.jpg  Image_69.jpg  Image_85.jpg
Image_100.jpg  Image_117.jpg  Image_133.jpg  Image_14.jpg   Image_166.jpg  Image_182.jpg  Image_199.jpg  Image_214.jpg  Image_230.jpg  Image_37.jpg  Image_53.jpg  Image_6.jpg   Image_86.jpg
Image_101.jpg  Image_118.jpg  Image_134.jpg  Image_150.jpg  Image_167.jpg  Image_183.jpg  Image_19.jpg   Image_215.jpg  Image_231.jpg  Image_38.jpg  Image_54.jpg  Image_70.jpg  Image_87.jpg
Image_102.jpg  Image_119.jpg  Image_135.jpg  Image_151.jpg  Image_168.jpg  Image_184.jpg  Image_1.jpg    Image_216.jpg  Image_232.jpg  Image_39.jpg  Image_55.jpg  Image_71.jpg  Image_88.jpg
Image_103.jpg  Image_11.jpg   Image_136.jpg  Image_152.jpg  Image_169.jpg  Image_185.jpg  Image_200.jpg  Image_217.jpg  Image_23.jpg   Image_3.jpg   Image_56.jpg  Image_72.jpg  Image_89.jpg
Image_104.jpg  Image_120.jpg  Image_137.jpg  Image_153.jpg  Image_16.jpg   Image_186.jpg  Image_201.jpg  Image_218.jpg  Image_24.jpg   Image_40.jpg  Image_57.jpg  Image_73.jpg  Image_8.jpg
Image_105.jpg  Image_121.jpg  Image_138.jpg  Image_154.jpg  Image_170.jpg  Image_187.jpg  Image_202.jpg  Image_219.jpg  Image_25.jpg   Image_41.jpg  Image_58.jpg  Image_74.jpg  Image_90.jpg
Image_106.jpg  Image_122.jpg  Image_139.jpg  Image_155.jpg  Image_171.jpg  Image_188.jpg  Image_203.jpg  Image_21.jpg   Image_26.jpg   Image_42.jpg  Image_59.jpg  Image_75.jpg  Image_91.jpg
Image_107.jpg  Image_123.jpg  Image_13.jpg   Image_156.jpg  Image_172.jpg  Image_189.jpg  Image_204.jpg  Image_220.jpg  Image_27.jpg   Image_43.jpg  Image_5.jpg   Image_76.jpg  Image_92.jpg
Image_108.jpg  Image_124.jpg  Image_140.jpg  Image_157.jpg  Image_173.jpg  Image_18.jpg   Image_205.jpg  Image_221.jpg  Image_28.jpg   Image_44.jpg  Image_60.jpg  Image_77.jpg  Image_93.jpg
Image_109.jpg  Image_125.jpg  Image_141.jpg  Image_158.jpg  Image_174.jpg  Image_190.jpg  Image_206.jpg  Image_222.jpg  Image_29.jpg   Image_45.jpg  Image_61.jpg  Image_78.jpg  Image_94.jpg
Image_10.jpg   Image_126.jpg  Image_142.jpg  Image_159.jpg  Image_175.jpg  Image_191.jpg  Image_207.jpg  Image_223.jpg  Image_2.jpg    Image_46.jpg  Image_62.jpg  Image_79.jpg  Image_95.jpg
Image_110.jpg  Image_127.jpg  Image_143.jpg  Image_15.jpg   Image_176.jpg  Image_192.jpg  Image_208.jpg  Image_224.jpg  Image_30.jpg   Image_47.jpg  Image_63.jpg  Image_7.jpg   Image_96.jpg
Image_111.jpg  Image_128.jpg  Image_144.jpg  Image_160.jpg  Image_177.jpg  Image_193.jpg  Image_209.jpg  Image_225.jpg  Image_31.jpg   Image_48.jpg  Image_64.jpg  Image_80.jpg  Image_97.jpg
Image_112.jpg  Image_129.jpg  Image_145.jpg  Image_161.jpg  Image_178.jpg  Image_194.jpg  Image_20.jpg   Image_226.jpg  Image_32.jpg   Image_49.jpg  Image_65.jpg  Image_81.jpg  Image_98.jpg
Image_113.jpg  Image_12.jpg   Image_146.jpg  Image_162.jpg  Image_179.jpg  Image_195.jpg  Image_210.jpg  Image_227.jpg  Image_33.jpg   Image_4.jpg   Image_66.jpg  Image_82.jpg  Image_99.jpg
Image_114.jpg  Image_130.jpg  Image_147.jpg  Image_163.jpg  Image_17.jpg   Image_196.jpg  Image_211.jpg  Image_228.jpg  Image_34.jpg   Image_50.jpg  Image_67.jpg  Image_83.jpg  Image_9.jpg
Image_115.jpg  Image_131.jpg  Image_148.jpg  Image_164.jpg  Image_180.jpg  Image_197.jpg  Image_212.jpg  Image_229.jpg  Image_35.jpg   Image_51.jpg  Image_68.jpg  Image_84.jpg
vantacr@c001827170:~/work/PersonnelDetectionGen0/data/highbay$ eog Image_0.jpg 
^C
vantacr@c001827170:~/work/PersonnelDetectionGen0/data/highbay$ cd ..
vantacr@c001827170:~/work/PersonnelDetectionGen0/data$ cd ..
vantacr@c001827170:~/work/PersonnelDetectionGen0$ ls
admin      build             catmod.h        CMakeLists.txt  data           etc                 images.list      install.sh      notes.txt   resources  start-utils.sh
attach.sh  build-debug.sh    clean-build.sh  *compilation*   deploy.sh      images_inside.list  images_raw.list  lib             package.sh  run.sh     test
bin        build-release.sh  clean.sh        config          detector.yaml  images_jpeg.list    init.sh          libprotobuf.so  README.md   src        util
vantacr@c001827170:~/work/PersonnelDetectionGen0$ cat start-utils.sh 
./bin/InputForker &
InputForkerPID=$!

./bin/CameraSimulator &
CameraSimulatorPID=$!

./bin/MockDisplayApplication &
MockDisplayApplicationPID=$!

echo "InputForkerPID:" ${InputForkerPID}
echo "CameraSimulatorPID:" ${CameraSimulatorPID}
echo "MockDisplayApplicationPID:" ${MockDisplayApplicationPID}
echo "htop -p" ${InputForkerPID} "-p" ${CameraSimulatorPID} "-p" ${MockDisplayApplicationPID}
htop -p ${InputForkerPID} -p ${CameraSimulatorPID} -p ${MockDisplayApplicationPID}

vantacr@c001827170:~/work/PersonnelDetectionGen0$ cat images_inside.list 
data/Image_0.jpg
data/Image_1.jpg
data/Image_2.jpg
data/Image_3.jpg
data/Image_4.jpg
data/Image_5.jpg
data/Image_6.jpg
data/Image_7.jpg
data/Image_8.jpg
data/Image_9.jpg
data/Image_10.jpg
data/Image_11.jpg
data/Image_12.jpg
data/Image_13.jpg
data/Image_14.jpg
data/Image_15.jpg
data/Image_16.jpg
data/Image_17.jpg
data/Image_18.jpg
data/Image_19.jpg
data/Image_20.jpg
data/Image_21.jpg
data/Image_22.jpg
data/Image_23.jpg
data/Image_24.jpg
data/Image_25.jpg
data/Image_26.jpg
data/Image_27.jpg
data/Image_28.jpg
data/Image_29.jpg
data/Image_30.jpg
data/Image_31.jpg
data/Image_32.jpg
data/Image_33.jpg
data/Image_34.jpg
data/Image_35.jpg
data/Image_36.jpg
data/Image_37.jpg
data/Image_38.jpg
data/Image_39.jpg
data/Image_40.jpg
data/Image_41.jpg
data/Image_42.jpg
data/Image_43.jpg
data/Image_44.jpg
data/Image_45.jpg
data/Image_46.jpg
data/Image_47.jpg
data/Image_48.jpg
data/Image_49.jpg
data/Image_50.jpg
data/Image_51.jpg
data/Image_52.jpg
data/Image_53.jpg
data/Image_54.jpg
data/Image_55.jpg
data/Image_56.jpg
data/Image_57.jpg
data/Image_58.jpg
data/Image_59.jpg
data/Image_60.jpg
data/Image_61.jpg
data/Image_62.jpg
data/Image_63.jpg
data/Image_64.jpg
data/Image_65.jpg
data/Image_66.jpg
data/Image_67.jpg
data/Image_68.jpg
data/Image_69.jpg
data/Image_70.jpg
data/Image_71.jpg
data/Image_72.jpg
data/Image_73.jpg
data/Image_74.jpg
data/Image_75.jpg
data/Image_76.jpg
data/Image_77.jpg
data/Image_78.jpg
data/Image_79.jpg
data/Image_80.jpg
data/Image_81.jpg
data/Image_82.jpg
data/Image_83.jpg
data/Image_84.jpg
data/Image_85.jpg
data/Image_86.jpg
data/Image_87.jpg
data/Image_88.jpg
data/Image_89.jpg
data/Image_90.jpg
data/Image_91.jpg
data/Image_92.jpg
data/Image_93.jpg
data/Image_94.jpg
data/Image_95.jpg
data/Image_96.jpg
data/Image_97.jpg
data/Image_98.jpg
data/Image_99.jpg
data/Image_100.jpg
data/Image_101.jpg
data/Image_102.jpg
data/Image_103.jpg
data/Image_104.jpg
data/Image_105.jpg
data/Image_106.jpg
data/Image_107.jpg
data/Image_108.jpg
data/Image_109.jpg
data/Image_110.jpg
data/Image_111.jpg
data/Image_112.jpg
data/Image_113.jpg
data/Image_114.jpg
data/Image_115.jpg
data/Image_116.jpg
data/Image_117.jpg
data/Image_118.jpg
data/Image_119.jpg
data/Image_120.jpg
data/Image_121.jpg
data/Image_122.jpg
data/Image_123.jpg
data/Image_124.jpg
data/Image_125.jpg
data/Image_126.jpg
data/Image_127.jpg
data/Image_128.jpg
data/Image_129.jpg
data/Image_130.jpg
data/Image_131.jpg
data/Image_132.jpg
data/Image_133.jpg
data/Image_134.jpg
data/Image_135.jpg
data/Image_136.jpg
data/Image_137.jpg
data/Image_138.jpg
data/Image_139.jpg
data/Image_140.jpg
data/Image_141.jpg
data/Image_142.jpg
data/Image_143.jpg
data/Image_144.jpg
data/Image_145.jpg
data/Image_146.jpg
data/Image_147.jpg
data/Image_148.jpg
data/Image_149.jpg
data/Image_150.jpg
data/Image_151.jpg
data/Image_152.jpg
data/Image_153.jpg
data/Image_154.jpg
data/Image_155.jpg
data/Image_156.jpg
data/Image_157.jpg
data/Image_158.jpg
data/Image_159.jpg
data/Image_160.jpg
data/Image_161.jpg
data/Image_162.jpg
data/Image_163.jpg
data/Image_164.jpg
data/Image_165.jpg
data/Image_166.jpg
data/Image_167.jpg
data/Image_168.jpg
data/Image_169.jpg
data/Image_170.jpg
data/Image_171.jpg
data/Image_172.jpg
data/Image_173.jpg
data/Image_174.jpg
data/Image_175.jpg
data/Image_176.jpg
data/Image_177.jpg
data/Image_178.jpg
data/Image_179.jpg
data/Image_180.jpg
data/Image_181.jpg
data/Image_182.jpg
data/Image_183.jpg
data/Image_184.jpg
data/Image_185.jpg
data/Image_186.jpg
data/Image_187.jpg
data/Image_188.jpg
data/Image_189.jpg
data/Image_190.jpg
data/Image_191.jpg
data/Image_192.jpg
data/Image_193.jpg
data/Image_194.jpg
data/Image_195.jpg
data/Image_196.jpg
data/Image_197.jpg
data/Image_198.jpg
data/Image_199.jpg
data/Image_200.jpg
data/Image_201.jpg
data/Image_202.jpg
data/Image_203.jpg
data/Image_204.jpg
data/Image_205.jpg
data/Image_206.jpg
data/Image_207.jpg
data/Image_208.jpg
data/Image_209.jpg
data/Image_210.jpg
data/Image_211.jpg
data/Image_212.jpg
data/Image_213.jpg
data/Image_214.jpg
data/Image_215.jpg
data/Image_216.jpg
data/Image_217.jpg
data/Image_218.jpg
data/Image_219.jpg
data/Image_220.jpg
data/Image_221.jpg
data/Image_222.jpg
data/Image_223.jpg
data/Image_224.jpg
data/Image_225.jpg
data/Image_226.jpg
data/Image_227.jpg
data/Image_228.jpg
data/Image_229.jpg
data/Image_230.jpg
data/Image_231.jpg
data/Image_232.jpg
vantacr@c001827170:~/work/PersonnelDetectionGen0$ ls
admin      build             catmod.h        CMakeLists.txt  data           etc                 images.list      install.sh      notes.txt   resources  start-utils.sh
attach.sh  build-debug.sh    clean-build.sh  *compilation*   deploy.sh      images_inside.list  images_raw.list  lib             package.sh  run.sh     test
bin        build-release.sh  clean.sh        config          detector.yaml  images_jpeg.list    init.sh          libprotobuf.so  README.md   src        util
vantacr@c001827170:~/work/PersonnelDetectionGen0$ cd config/
vantacr@c001827170:~/work/PersonnelDetectionGen0/config$ ls
camsim.conf  detector.conf  imageRecorder.conf  inputforker.conf  mockdisp.conf  system.conf  watchdogTimer.conf
vantacr@c001827170:~/work/PersonnelDetectionGen0/config$ less camsim.conf 
vantacr@c001827170:~/work/PersonnelDetectionGen0/config$ cd data
bash: cd: data: No such file or directory
vantacr@c001827170:~/work/PersonnelDetectionGen0/config$ cd ..
vantacr@c001827170:~/work/PersonnelDetectionGen0$ cd data/
vantacr@c001827170:~/work/PersonnelDetectionGen0/data$ ;s
bash: syntax error near unexpected token `;'
vantacr@c001827170:~/work/PersonnelDetectionGen0/data$ ls
detector  highbay  ILUV.txt  image.png
vantacr@c001827170:~/work/PersonnelDetectionGen0/data$ mv highbay/* .
vantacr@c001827170:~/work/PersonnelDetectionGen0/data$ ls
detector       Image_114.jpg  Image_131.jpg  Image_149.jpg  Image_166.jpg  Image_183.jpg  Image_1.jpg    Image_217.jpg  Image_24.jpg  Image_41.jpg  Image_59.jpg  Image_76.jpg  Image_93.jpg
highbay        Image_115.jpg  Image_132.jpg  Image_14.jpg   Image_167.jpg  Image_184.jpg  Image_200.jpg  Image_218.jpg  Image_25.jpg  Image_42.jpg  Image_5.jpg   Image_77.jpg  Image_94.jpg
ILUV.txt       Image_116.jpg  Image_133.jpg  Image_150.jpg  Image_168.jpg  Image_185.jpg  Image_201.jpg  Image_219.jpg  Image_26.jpg  Image_43.jpg  Image_60.jpg  Image_78.jpg  Image_95.jpg
Image_0.jpg    Image_117.jpg  Image_134.jpg  Image_151.jpg  Image_169.jpg  Image_186.jpg  Image_202.jpg  Image_21.jpg   Image_27.jpg  Image_44.jpg  Image_61.jpg  Image_79.jpg  Image_96.jpg
Image_100.jpg  Image_118.jpg  Image_135.jpg  Image_152.jpg  Image_16.jpg   Image_187.jpg  Image_203.jpg  Image_220.jpg  Image_28.jpg  Image_45.jpg  Image_62.jpg  Image_7.jpg   Image_97.jpg
Image_101.jpg  Image_119.jpg  Image_136.jpg  Image_153.jpg  Image_170.jpg  Image_188.jpg  Image_204.jpg  Image_221.jpg  Image_29.jpg  Image_46.jpg  Image_63.jpg  Image_80.jpg  Image_98.jpg
Image_102.jpg  Image_11.jpg   Image_137.jpg  Image_154.jpg  Image_171.jpg  Image_189.jpg  Image_205.jpg  Image_222.jpg  Image_2.jpg   Image_47.jpg  Image_64.jpg  Image_81.jpg  Image_99.jpg
Image_103.jpg  Image_120.jpg  Image_138.jpg  Image_155.jpg  Image_172.jpg  Image_18.jpg   Image_206.jpg  Image_223.jpg  Image_30.jpg  Image_48.jpg  Image_65.jpg  Image_82.jpg  Image_9.jpg
Image_104.jpg  Image_121.jpg  Image_139.jpg  Image_156.jpg  Image_173.jpg  Image_190.jpg  Image_207.jpg  Image_224.jpg  Image_31.jpg  Image_49.jpg  Image_66.jpg  Image_83.jpg  image.png
Image_105.jpg  Image_122.jpg  Image_13.jpg   Image_157.jpg  Image_174.jpg  Image_191.jpg  Image_208.jpg  Image_225.jpg  Image_32.jpg  Image_4.jpg   Image_67.jpg  Image_84.jpg
Image_106.jpg  Image_123.jpg  Image_140.jpg  Image_158.jpg  Image_175.jpg  Image_192.jpg  Image_209.jpg  Image_226.jpg  Image_33.jpg  Image_50.jpg  Image_68.jpg  Image_85.jpg
Image_107.jpg  Image_124.jpg  Image_141.jpg  Image_159.jpg  Image_176.jpg  Image_193.jpg  Image_20.jpg   Image_227.jpg  Image_34.jpg  Image_51.jpg  Image_69.jpg  Image_86.jpg
Image_108.jpg  Image_125.jpg  Image_142.jpg  Image_15.jpg   Image_177.jpg  Image_194.jpg  Image_210.jpg  Image_228.jpg  Image_35.jpg  Image_52.jpg  Image_6.jpg   Image_87.jpg
Image_109.jpg  Image_126.jpg  Image_143.jpg  Image_160.jpg  Image_178.jpg  Image_195.jpg  Image_211.jpg  Image_229.jpg  Image_36.jpg  Image_53.jpg  Image_70.jpg  Image_88.jpg
Image_10.jpg   Image_127.jpg  Image_144.jpg  Image_161.jpg  Image_179.jpg  Image_196.jpg  Image_212.jpg  Image_22.jpg   Image_37.jpg  Image_54.jpg  Image_71.jpg  Image_89.jpg
Image_110.jpg  Image_128.jpg  Image_145.jpg  Image_162.jpg  Image_17.jpg   Image_197.jpg  Image_213.jpg  Image_230.jpg  Image_38.jpg  Image_55.jpg  Image_72.jpg  Image_8.jpg
Image_111.jpg  Image_129.jpg  Image_146.jpg  Image_163.jpg  Image_180.jpg  Image_198.jpg  Image_214.jpg  Image_231.jpg  Image_39.jpg  Image_56.jpg  Image_73.jpg  Image_90.jpg
Image_112.jpg  Image_12.jpg   Image_147.jpg  Image_164.jpg  Image_181.jpg  Image_199.jpg  Image_215.jpg  Image_232.jpg  Image_3.jpg   Image_57.jpg  Image_74.jpg  Image_91.jpg
Image_113.jpg  Image_130.jpg  Image_148.jpg  Image_165.jpg  Image_182.jpg  Image_19.jpg   Image_216.jpg  Image_23.jpg   Image_40.jpg  Image_58.jpg  Image_75.jpg  Image_92.jpg
vantacr@c001827170:~/work/PersonnelDetectionGen0/data$ cd ..
vantacr@c001827170:~/work/PersonnelDetectionGen0$ ls
admin      build             catmod.h        CMakeLists.txt  data           etc                 images.list      install.sh      notes.txt   resources  start-utils.sh
attach.sh  build-debug.sh    clean-build.sh  *compilation*   deploy.sh      images_inside.list  images_raw.list  lib             package.sh  run.sh     test
bin        build-release.sh  clean.sh        config          detector.yaml  images_jpeg.list    init.sh          libprotobuf.so  README.md   src        util
vantacr@c001827170:~/work/PersonnelDetectionGen0$ git st
git: 'st' is not a git command. See 'git --help'.

Did you mean one of these?
	status
	reset
	stage
	stash
vantacr@c001827170:~/work/PersonnelDetectionGen0$ git status
On branch master
Your branch is up-to-date with 'origin/master'.
Changes not staged for commit:
  (use "git add <file>..." to update what will be committed)
  (use "git checkout -- <file>..." to discard changes in working directory)

	modified:   test/CMakeLists.txt

Untracked files:
  (use "git add <file>..." to include in what will be committed)

	lib/Configuration/.ConfigurationManager.cpp.swp
	lib/Configuration/.ConfigurationManager.cppvi.swp
	lib/Event/.EventDispatcher.cpp.swp
	lib/Event/.EventDispatcher.hpp.swp
	lib/Receive/.ImageReceiverFactory.cpp.swp
	lib/Tracking/.Tracker.cpp.swp
	src/.main.cpp.swo
	src/.main.cpp.swp

no changes added to commit (use "git add" and/or "git commit -a")
vantacr@c001827170:~/work/PersonnelDetectionGen0$ ./start-utils.sh 
InputForkerPID: 6262
CameraSimulatorPID: 6263
MockDisplayApplicationPID: 6264
htop -p 6262 -p 6263 -p 6264
./start-utils.sh: line 14: htop: command not found
Streaming images...
vantacr@c001827170:~/work/PersonnelDetectionGen0$ libva info: VA-API version 0.39.0
libva info: va_getDriverName() returns 0
libva info: Trying to open /usr/lib/x86_64-linux-gnu/dri/i965_drv_video.so
libva info: Found init function __vaDriverInit_0_39
libva info: va_openDriver() returns 0
^C
vantacr@c001827170:~/work/PersonnelDetectionGen0$ top

top - 12:54:30 up 2 days, 19:43,  1 user,  load average: 1.50, 1.08, 1.01
Tasks: 242 total,   1 running, 241 sleeping,   0 stopped,   0 zombie
%Cpu(s):  3.7 us,  0.8 sy,  0.2 ni, 95.1 id,  0.0 wa,  0.0 hi,  0.1 si,  0.0 st
KiB Mem : 16273616 total, 10846900 free,  1493656 used,  3933060 buff/cache
KiB Swap: 16625660 total, 16625660 free,        0 used. 13448180 avail Mem 

  PID USER      PR  NI    VIRT    RES    SHR S  %CPU %MEM     TIME+ COMMAND                                                                                                                   
 6264 vantacr   20   0  794108  66844  42008 S  29.4  0.4   0:18.54 MockDisplayAppl                                                                                                           
 6262 vantacr   20   0   16104   3456   3248 S  17.6  0.0   0:09.28 InputForker                                                                                                               
 1500 vantacr   20   0 1666036 277428  73316 S  11.8  1.7  20:46.40 compiz                                                                                                                    
 6263 vantacr   20   0   92044   4088   3496 S  11.8  0.0   0:04.63 CameraSimulator                                                                                                           
 6918 vantacr   20   0   49052   3916   3208 R  11.8  0.0   0:00.03 top                                                                                                                       
  993 root      20   0  776444 195620 167336 S   5.9  1.2  12:31.89 Xorg                                                                                                                      
 1395 vantacr   20   0  195588   5592   5256 S   5.9  0.0   0:07.49 ibus-engine-sim                                                                                                           
13171 vantacr   20   0  682320  50108  28584 S   5.9  0.3   1:04.68 gnome-terminal-                                                                                                           
    1 root      20   0  185240   5812   3948 S   0.0  0.0   0:03.91 systemd                                                                                                                   
    2 root      20   0       0      0      0 S   0.0  0.0   0:00.03 kthreadd                                                                                                                  
    4 root       0 -20       0      0      0 S   0.0  0.0   0:00.00 kworker/0:0H                                                                                                              
    6 root       0 -20       0      0      0 S   0.0  0.0   0:00.00 mm_percpu_wq                                                                                                              
    7 root      20   0       0      0      0 S   0.0  0.0   0:00.13 ksoftirqd/0                                                                                                               
    8 root      20   0       0      0      0 S   0.0  0.0   0:21.73 rcu_sched                                                                                                                 
    9 root      20   0       0      0      0 S   0.0  0.0   0:00.00 rcu_bh                                                                                                                    
   10 root      rt   0       0      0      0 S   0.0  0.0   0:00.05 migration/0                                                                                                               
   11 root      rt   0       0      0      0 S   0.0  0.0   0:00.16 watchdog/0                                                                                                                
   12 root      20   0       0      0      0 S   0.0  0.0   0:00.00 cpuhp/0                                                                                                                   
   13 root      20   0       0      0      0 S   0.0  0.0   0:00.00 cpuhp/1                                                                                                                   
   14 root      rt   0       0      0      0 S   0.0  0.0   0:00.16 watchdog/1                                                                                                                
   15 root      rt   0       0      0      0 S   0.0  0.0   0:00.03 migration/1                                                                                                               
   16 root      20   0       0      0      0 S   0.0  0.0   0:00.09 ksoftirqd/1                                                                                                               
   18 root       0 -20       0      0      0 S   0.0  0.0   0:00.00 kworker/1:0H                                                                                                              
   19 root      20   0       0      0      0 S   0.0  0.0   0:00.00 cpuhp/2                                                                                                                   
   20 root      rt   0       0      0      0 S   0.0  0.0   0:00.16 watchdog/2                                                                                                                
   21 root      rt   0       0      0      0 S   0.0  0.0   0:00.04 migration/2                                                                                                               
   22 root      20   0       0      0      0 S   0.0  0.0   0:00.12 ksoftirqd/2                                                                                                               
   24 root       0 -20       0      0      0 S   0.0  0.0   0:00.00 kworker/2:0H                                                                                                              
   25 root      20   0       0      0      0 S   0.0  0.0   0:00.00 cpuhp/3                                                                                                                   
   26 root      rt   0       0      0      0 S   0.0  0.0   0:00.16 watchdog/3                                                                                                                
   27 root      rt   0       0      0      0 S   0.0  0.0   0:00.04 migration/3                                                                                                               
   28 root      20   0       0      0      0 S   0.0  0.0   0:00.14 ksoftirqd/3                                                                                                               
   30 root       0 -20       0      0      0 S   0.0  0.0   0:00.00 kworker/3:0H                                                                                                              
   31 root      20   0       0      0      0 S   0.0  0.0   0:00.00 cpuhp/4                                                                                                                   
   32 root      rt   0       0      0      0 S   0.0  0.0   0:00.17 watchdog/4                                                                                                                
   33 root      rt   0       0      0      0 S   0.0  0.0   0:00.04 migration/4                                                                                                               
   34 root      20   0       0      0      0 S   0.0  0.0   0:00.36 ksoftirqd/4                                                                                                               
   36 root       0 -20       0      0      0 S   0.0  0.0   0:00.00 kworker/4:0H                                                                                                              
   37 root      20   0       0      0      0 S   0.0  0.0   0:00.00 cpuhp/5                                                                                                                   
   38 root      rt   0       0      0      0 S   0.0  0.0   0:00.17 watchdog/5                                                                                                                
   39 root      rt   0       0      0      0 S   0.0  0.0   0:00.05 migration/5                                                                                                               
   40 root      20   0       0      0      0 S   0.0  0.0   0:00.12 ksoftirqd/5                                                                                                               
   42 root       0 -20       0      0      0 S   0.0  0.0   0:00.00 kworker/5:0H                                                                                                              
   43 root      20   0       0      0      0 S   0.0  0.0   0:00.00 cpuhp/6                                                                                                                   
   44 root      rt   0       0      0      0 S   0.0  0.0   0:00.16 watchdog/6                                                                                                                
vantacr@c001827170:~/work/PersonnelDetectionGen0$ jobs
vantacr@c001827170:~/work/PersonnelDetectionGen0$ top

top - 12:54:34 up 2 days, 19:43,  1 user,  load average: 1.50, 1.08, 1.01
Tasks: 242 total,   3 running, 239 sleeping,   0 stopped,   0 zombie
%Cpu(s):  3.7 us,  0.8 sy,  0.2 ni, 95.1 id,  0.0 wa,  0.0 hi,  0.1 si,  0.0 st
KiB Mem : 16273616 total, 10846288 free,  1494108 used,  3933220 buff/cache
KiB Swap: 16625660 total, 16625660 free,        0 used. 13447572 avail Mem 

  PID USER      PR  NI    VIRT    RES    SHR S  %CPU %MEM     TIME+ COMMAND                                                                                                                   
 6264 vantacr   20   0  794108  66844  42008 S  61.1  0.4   0:20.49 MockDisplayAppl                                                                                                           
 6262 vantacr   20   0   16104   3456   3248 S  27.8  0.0   0:10.29 InputForker                                                                                                               
  993 root      20   0  776492 195332 167048 S  16.7  1.2  12:32.14 Xorg                                                                                                                      
 1500 vantacr   20   0 1666036 277428  73316 R  16.7  1.7  20:46.84 compiz                                                                                                                    
 6263 vantacr   20   0   92044   4088   3496 R  11.1  0.0   0:05.10 CameraSimulator                                                                                                           
 6919 vantacr   20   0   49052   3788   3084 R  11.1  0.0   0:00.04 top                                                                                                                       
13171 vantacr   20   0  682700  50164  28584 S   5.6  0.3   1:04.81 gnome-terminal-                                                                                                           
    1 root      20   0  185240   5812   3948 S   0.0  0.0   0:03.91 systemd                                                                                                                   
    2 root      20   0       0      0      0 S   0.0  0.0   0:00.03 kthreadd                                                                                                                  
    4 root       0 -20       0      0      0 S   0.0  0.0   0:00.00 kworker/0:0H                                                                                                              
    6 root       0 -20       0      0      0 S   0.0  0.0   0:00.00 mm_percpu_wq                                                                                                              
    7 root      20   0       0      0      0 S   0.0  0.0   0:00.13 ksoftirqd/0                                                                                                               
    8 root      20   0       0      0      0 S   0.0  0.0   0:21.73 rcu_sched                                                                                                                 
    9 root      20   0       0      0      0 S   0.0  0.0   0:00.00 rcu_bh                                                                                                                    
   10 root      rt   0       0      0      0 S   0.0  0.0   0:00.05 migration/0                                                                                                               
   11 root      rt   0       0      0      0 S   0.0  0.0   0:00.16 watchdog/0                                                                                                                
   12 root      20   0       0      0      0 S   0.0  0.0   0:00.00 cpuhp/0                                                                                                                   
   13 root      20   0       0      0      0 S   0.0  0.0   0:00.00 cpuhp/1                                                                                                                   
   14 root      rt   0       0      0      0 S   0.0  0.0   0:00.16 watchdog/1                                                                                                                
   15 root      rt   0       0      0      0 S   0.0  0.0   0:00.03 migration/1                                                                                                               
   16 root      20   0       0      0      0 S   0.0  0.0   0:00.09 ksoftirqd/1                                                                                                               
   18 root       0 -20       0      0      0 S   0.0  0.0   0:00.00 kworker/1:0H                                                                                                              
   19 root      20   0       0      0      0 S   0.0  0.0   0:00.00 cpuhp/2                                                                                                                   
   20 root      rt   0       0      0      0 S   0.0  0.0   0:00.16 watchdog/2                                                                                                                
   21 root      rt   0       0      0      0 S   0.0  0.0   0:00.04 migration/2                                                                                                               
   22 root      20   0       0      0      0 S   0.0  0.0   0:00.12 ksoftirqd/2                                                                                                               
   24 root       0 -20       0      0      0 S   0.0  0.0   0:00.00 kworker/2:0H                                                                                                              
   25 root      20   0       0      0      0 S   0.0  0.0   0:00.00 cpuhp/3                                                                                                                   
   26 root      rt   0       0      0      0 S   0.0  0.0   0:00.16 watchdog/3                                                                                                                
   27 root      rt   0       0      0      0 S   0.0  0.0   0:00.04 migration/3                                                                                                               
   28 root      20   0       0      0      0 S   0.0  0.0   0:00.14 ksoftirqd/3                                                                                                               
   30 root       0 -20       0      0      0 S   0.0  0.0   0:00.00 kworker/3:0H                                                                                                              
   31 root      20   0       0      0      0 S   0.0  0.0   0:00.00 cpuhp/4                                                                                                                   
   32 root      rt   0       0      0      0 S   0.0  0.0   0:00.17 watchdog/4                                                                                                                
   33 root      rt   0       0      0      0 S   0.0  0.0   0:00.04 migration/4                                                                                                               
   34 root      20   0       0      0      0 S   0.0  0.0   0:00.36 ksoftirqd/4                                                                                                               
   36 root       0 -20       0      0      0 S   0.0  0.0   0:00.00 kworker/4:0H                                                                                                              
   37 root      20   0       0      0      0 S   0.0  0.0   0:00.00 cpuhp/5                                                                                                                   
   38 root      rt   0       0      0      0 S   0.0  0.0   0:00.17 watchdog/5                                                                                                                
   39 root      rt   0       0      0      0 S   0.0  0.0   0:00.05 migration/5                                                                                                               
   40 root      20   0       0      0      0 S   0.0  0.0   0:00.12 ksoftirqd/5                                                                                                               
   42 root       0 -20       0      0      0 S   0.0  0.0   0:00.00 kworker/5:0H                                                                                                              
   43 root      20   0       0      0      0 S   0.0  0.0   0:00.00 cpuhp/6                                                                                                                   
   44 root      rt   0       0      0      0 S   0.0  0.0   0:00.17 watchdog/6                                                                                                                
   45 root      rt   0       0      0      0 S   0.0  0.0   0:00.05 migration/6                                                                                                               
vantacr@c001827170:~/work/PersonnelDetectionGen0$ kill 6264
vantacr@c001827170:~/work/PersonnelDetectionGen0$ kill 6262
vantacr@c001827170:~/work/PersonnelDetectionGen0$ kill 6263
vantacr@c001827170:~/work/PersonnelDetectionGen0$ sudo apt install htop
[sudo] password for vantacr: 
Reading package lists... Done
Building dependency tree       
Reading state information... Done
The following package was automatically installed and is no longer required:
  linux-signed-image-generic-hwe-16.04
Use 'sudo apt autoremove' to remove it.
The following NEW packages will be installed:
  htop
0 upgraded, 1 newly installed, 0 to remove and 166 not upgraded.
Need to get 76.4 kB of archives.
After this operation, 215 kB of additional disk space will be used.
Get:1 http://us.archive.ubuntu.com/ubuntu xenial-updates/universe amd64 htop amd64 2.0.1-1ubuntu1 [76.4 kB]
Fetched 76.4 kB in 0s (122 kB/s)
Selecting previously unselected package htop.
(Reading database ... 187204 files and directories currently installed.)
Preparing to unpack .../htop_2.0.1-1ubuntu1_amd64.deb ...
Unpacking htop (2.0.1-1ubuntu1) ...
Processing triggers for gnome-menus (3.13.3-6ubuntu3.1) ...
Processing triggers for desktop-file-utils (0.22-1ubuntu5.1) ...
Processing triggers for bamfdaemon (0.5.3~bzr0+16.04.20160824-0ubuntu1) ...
Rebuilding /usr/share/applications/bamf-2.index...
Processing triggers for mime-support (3.59ubuntu1) ...
Processing triggers for man-db (2.7.5-1) ...
Setting up htop (2.0.1-1ubuntu1) ...
vantacr@c001827170:~/work/PersonnelDetectionGen0$ ./start-utils.sh 
InputForkerPID: 7367
CameraSimulatorPID: 7368
MockDisplayApplicationPID: 7369
htop -p 7367 -p 7368 -p 7369
Streaming images...
Shutting down on signal: Interrupt
vantacr@c001827170:~/work/PersonnelDetectionGen0$ Exiting...
Thread not joinable
Thread not joinable

vantacr@c001827170:~/work/PersonnelDetectionGen0$ htop
vantacr@c001827170:~/work/PersonnelDetectionGen0$ ls
admin      build             catmod.h        CMakeLists.txt  data           etc                 images.list      install.sh      notes.txt   resources  start-utils.sh
attach.sh  build-debug.sh    clean-build.sh  *compilation*   deploy.sh      images_inside.list  images_raw.list  lib             package.sh  run.sh     test
bin        build-release.sh  clean.sh        config          detector.yaml  images_jpeg.list    init.sh          libprotobuf.so  README.md   src        util
vantacr@c001827170:~/work/PersonnelDetectionGen0$ git status
On branch master
Your branch is up-to-date with 'origin/master'.
Changes not staged for commit:
  (use "git add <file>..." to update what will be committed)
  (use "git checkout -- <file>..." to discard changes in working directory)

	modified:   test/CMakeLists.txt

Untracked files:
  (use "git add <file>..." to include in what will be committed)

	lib/Configuration/.ConfigurationManager.cpp.swp
	lib/Configuration/.ConfigurationManager.cppvi.swp
	lib/Event/.EventDispatcher.cpp.swp
	lib/Event/.EventDispatcher.hpp.swp
	lib/Receive/.ImageReceiverFactory.cpp.swp
	lib/Tracking/.Tracker.cpp.swp
	src/.main.cpp.swo
	src/.main.cpp.swp

no changes added to commit (use "git add" and/or "git commit -a")
vantacr@c001827170:~/work/PersonnelDetectionGen0$ git diff
diff --git a/test/CMakeLists.txt b/test/CMakeLists.txt
index aa0425f..263fa1f 100644
--- a/test/CMakeLists.txt
+++ b/test/CMakeLists.txt
@@ -1,4 +1,4 @@
-add_subdirectory("Processing")
+#add_subdirectory("Processing")
 add_subdirectory("ThreadPool")
 add_subdirectory("Decoding")
 add_subdirectory("Filter")
vantacr@c001827170:~/work/PersonnelDetectionGen0$ git checkout test/CMakeLists.txt
vantacr@c001827170:~/work/PersonnelDetectionGen0$ git status
On branch master
Your branch is up-to-date with 'origin/master'.
Untracked files:
  (use "git add <file>..." to include in what will be committed)

	lib/Configuration/.ConfigurationManager.cpp.swp
	lib/Configuration/.ConfigurationManager.cppvi.swp
	lib/Event/.EventDispatcher.cpp.swp
	lib/Event/.EventDispatcher.hpp.swp
	lib/Receive/.ImageReceiverFactory.cpp.swp
	lib/Tracking/.Tracker.cpp.swp
	src/.main.cpp.swo
	src/.main.cpp.swp

nothing added to commit but untracked files present (use "git add" to track)
vantacr@c001827170:~/work/PersonnelDetectionGen0$ git checkout dev
Branch dev set up to track remote branch dev from origin.
Switched to a new branch 'dev'
vantacr@c001827170:~/work/PersonnelDetectionGen0$ git stats
git: 'stats' is not a git command. See 'git --help'.

Did you mean this?
	status
vantacr@c001827170:~/work/PersonnelDetectionGen0$ git status
On branch dev
Your branch is up-to-date with 'origin/dev'.
Untracked files:
  (use "git add <file>..." to include in what will be committed)

	lib/Configuration/.ConfigurationManager.cpp.swp
	lib/Configuration/.ConfigurationManager.cppvi.swp
	lib/Event/.EventDispatcher.cpp.swp
	lib/Event/.EventDispatcher.hpp.swp
	lib/Receive/.ImageReceiverFactory.cpp.swp
	lib/Tracking/.Tracker.cpp.swp
	src/.main.cpp.swo
	src/.main.cpp.swp

nothing added to commit but untracked files present (use "git add" to track)
vantacr@c001827170:~/work/PersonnelDetectionGen0$ rm -r build
rm: remove write-protected regular file 'build/opencv/.git/objects/pack/pack-213137759a71279640e379f21f23f1a49205593a.idx'? ^C
vantacr@c001827170:~/work/PersonnelDetectionGen0$ rm -rf build
vantacr@c001827170:~/work/PersonnelDetectionGen0$ ls bin
CameraSimulator  InputForker  MockDisplayApplication  PersonnelDetectionGen0  Watchdog
vantacr@c001827170:~/work/PersonnelDetectionGen0$ rm bin/*
vantacr@c001827170:~/work/PersonnelDetectionGen0$ mkdir build
vantacr@c001827170:~/work/PersonnelDetectionGen0$ cd build
vantacr@c001827170:~/work/PersonnelDetectionGen0/build$ cmake ..
-- The C compiler identification is GNU 5.4.0
-- The CXX compiler identification is GNU 5.4.0
-- Check for working C compiler: /usr/bin/cc
-- Check for working C compiler: /usr/bin/cc -- works
-- Detecting C compiler ABI info
-- Detecting C compiler ABI info - done
-- Detecting C compile features
-- Detecting C compile features - done
-- Check for working CXX compiler: /usr/bin/c++
-- Check for working CXX compiler: /usr/bin/c++ -- works
-- Detecting CXX compiler ABI info
-- Detecting CXX compiler ABI info - done
-- Detecting CXX compile features
-- Detecting CXX compile features - done
-- Setting build type to 'Debug' as none was specified
-- Found OpenCV: /usr/local (found version "4.0.0") 
-- LibVA Include Directory: /usr/include
-- LibVA Library: /usr/lib/x86_64-linux-gnu/libva.so
-- Found LibVA: /usr/lib/x86_64-linux-gnu/libva.so  
-- Found GTest: /usr/lib/libgtest.so  
-- Looking for pthread.h
-- Looking for pthread.h - found
-- Looking for pthread_create
-- Looking for pthread_create - not found
-- Looking for pthread_create in pthreads
-- Looking for pthread_create in pthreads - not found
-- Looking for pthread_create in pthread
-- Looking for pthread_create in pthread - found
-- Found Threads: TRUE  
-- DRM Include Directory: /usr/include/libdrm
-- DRM Library: /usr/lib/x86_64-linux-gnu/libdrm.so
-- Found DRM: /usr/lib/x86_64-linux-gnu/libdrm.so  
-- PROTOBUF Include Directory: /usr/include
-- PROTOBUF Library: /usr/lib/x86_64-linux-gnu/libprotobuf.so
-- Found PROTOBUF: /usr/lib/x86_64-linux-gnu/libprotobuf.so  
-- Libraries
--    Configuration
--    Event
--    Exception
--    ThreadPool
--    DataChannel
--    Status
--    DataType
--    Global
--    Recorder
--    Receive
--    Decoding
--    ChannelArray
--    ImageConversion
--    Classify
--    Detect
--    Codegen
--    Processing
--    Filtering
--    Tracking
--    Output
--    Logging
--    Analyze
--    PersonnelDetectionCatMod
-- Source
--    PersonnelDetectionGen0
--    Watchdog
--    InputForker
-- Utilities
--    MockDisplayApplication
--    CameraSimulator
--    CatModUtil
-- Unit Tests
--    ImageReceiverFactoryTest
--    BCamImageReceiverTest
--    JpegDecoderTest
--    ImageDecoderTest
--    PartialImageProcessorTest
--    ProcessorFactoryTest
--    DetectionFilterTest
--    FilterFactoryTest
--    TrackerTest
--    OutputFactoryTest
--    ThreadPoolTest
-- Configuring done
-- Generating done
-- Build files have been written to: /home/vantacr/work/PersonnelDetectionGen0/build
vantacr@c001827170:~/work/PersonnelDetectionGen0/build$ make -j3
Scanning dependencies of target Configuration
Scanning dependencies of target Event
Scanning dependencies of target Exception
[  0%] Building CXX object lib/Exception/CMakeFiles/Exception.dir/NullImageException.cpp.o
[  1%] Building CXX object lib/Configuration/CMakeFiles/Configuration.dir/ConfigurationManager.cpp.o
[  1%] Building CXX object lib/Event/CMakeFiles/Event.dir/Event.cpp.o
[  2%] Building CXX object lib/Exception/CMakeFiles/Exception.dir/InvalidImageSizeException.cpp.o
[  3%] Building CXX object lib/Event/CMakeFiles/Event.dir/EventDispatcher.cpp.o
[  3%] Building CXX object lib/Exception/CMakeFiles/Exception.dir/ModuleInitializationException.cpp.o
[  4%] Linking CXX static library libException.a
[  4%] Built target Exception
Scanning dependencies of target ThreadPool
[  5%] Building CXX object lib/ThreadPool/CMakeFiles/ThreadPool.dir/ThreadPool.cpp.o
[  6%] Linking CXX static library libConfiguration.a
[  6%] Built target Configuration
Scanning dependencies of target DataType
[  6%] Building CXX object lib/DataType/CMakeFiles/DataType.dir/JpegImage.cpp.o
[  7%] Building CXX object lib/DataType/CMakeFiles/DataType.dir/Image.cpp.o
[  7%] Linking CXX static library libDataType.a
[  7%] Built target DataType
Scanning dependencies of target Global
[  8%] Building CXX object lib/Global/CMakeFiles/Global.dir/AsyncModule.cpp.o
[  8%] Linking CXX static library libThreadPool.a
[  8%] Built target ThreadPool
Scanning dependencies of target Recorder
[  8%] Building CXX object lib/Recorder/CMakeFiles/Recorder.dir/ImageRecorder.cpp.o
[  9%] Linking CXX static library libRecorder.a
[  9%] Built target Recorder
Scanning dependencies of target ChannelArray
[ 10%] Building CXX object lib/ChannelArray/CMakeFiles/ChannelArray.dir/Array.cpp.o
[ 10%] Building CXX object lib/ChannelArray/CMakeFiles/ChannelArray.dir/ArraySmoother.cpp.o
[ 10%] Building CXX object lib/Event/CMakeFiles/Event.dir/EventConnection.cpp.o
[ 10%] Linking CXX static library libGlobal.a
[ 10%] Built target Global
[ 11%] Building CXX object lib/Event/CMakeFiles/Event.dir/EventWaiter.cpp.o
[ 11%] Building CXX object lib/Event/CMakeFiles/Event.dir/Global/StatusEvent.cpp.o
Scanning dependencies of target ImageConversion
[ 12%] Building CXX object lib/ImageConversion/CMakeFiles/ImageConversion.dir/RGB2LUV.cpp.o
[ 13%] Building CXX object lib/Event/CMakeFiles/Event.dir/Global/ErrorEvent.cpp.o
[ 14%] Building CXX object lib/ChannelArray/CMakeFiles/ChannelArray.dir/ArrayResampler.cpp.o
[ 14%] Building CXX object lib/Event/CMakeFiles/Event.dir/Global/StopEvent.cpp.o
[ 15%] Linking CXX static library libEvent.a
[ 15%] Built target Event
[ 15%] Building CXX object lib/ChannelArray/CMakeFiles/ChannelArray.dir/ArrayPadder.cpp.o
[ 15%] Linking CXX static library libImageConversion.a
[ 15%] Built target ImageConversion
Scanning dependencies of target Classify
[ 16%] Building CXX object lib/Classify/CMakeFiles/Classify.dir/Classifier.cpp.o
/home/vantacr/work/PersonnelDetectionGen0/lib/Classify/Classifier.cpp:50:90: warning: unused parameter ‘depth’ [-Wunused-parameter]
 Classifier::getChild(const float *chns1, uint32_t offset, uint32_t &k0, uint32_t &k, int depth, uint32_t* cids) const
                                                                                          ^
[ 16%] Linking CXX static library libClassify.a
[ 16%] Built target Classify
Scanning dependencies of target Codegen
[ 17%] Building CXX object lib/Codegen/CMakeFiles/Codegen.dir/CodegenInterface.cpp.o
[ 17%] Building CXX object lib/Codegen/CMakeFiles/Codegen.dir/Generated/rt_nonfinite.cpp.o
[ 18%] Building CXX object lib/Codegen/CMakeFiles/Codegen.dir/Generated/trackDetections.cpp.o
[ 19%] Linking CXX static library libChannelArray.a
[ 19%] Built target ChannelArray
Scanning dependencies of target Analyze
[ 19%] Building CXX object lib/Analyze/CMakeFiles/Analyze.dir/Analyzer.cpp.o
[ 20%] Building CXX object lib/Analyze/CMakeFiles/Analyze.dir/AnalyzerFactory.cpp.o
[ 20%] Building CXX object lib/Analyze/CMakeFiles/Analyze.dir/TimingAnalyzer.cpp.o
Scanning dependencies of target ThreadPoolTest
[ 21%] Building CXX object test/UnitTests/ThreadPool/CMakeFiles/ThreadPoolTest.dir/ThreadPoolTest.cpp.o
[ 22%] Linking CXX static library libAnalyze.a
[ 22%] Built target Analyze
[ 22%] Building CXX object lib/Codegen/CMakeFiles/Codegen.dir/Generated/trackDetections_initialize.cpp.o
[ 23%] Building CXX object lib/Codegen/CMakeFiles/Codegen.dir/Generated/personnelDetection_emxutil.cpp.o
Scanning dependencies of target DataChannel
[ 23%] Building CXX object lib/DataChannel/CMakeFiles/DataChannel.dir/UDPReceive.cpp.o
[ 24%] Building CXX object lib/DataChannel/CMakeFiles/DataChannel.dir/UDPTransmit.cpp.o
[ 24%] Linking CXX executable ThreadPoolTest
[ 24%] Building CXX object lib/DataChannel/CMakeFiles/DataChannel.dir/Event/DataChannelErrorEvent.cpp.o
[ 25%] Linking CXX static library libDataChannel.a
[ 25%] Built target DataChannel
[ 25%] Building CXX object lib/Codegen/CMakeFiles/Codegen.dir/Generated/objectDetection.cpp.o
[ 25%] Built target ThreadPoolTest
Scanning dependencies of target Detect
[ 26%] Building CXX object lib/Detect/CMakeFiles/Detect.dir/Detector.cpp.o
[ 27%] Building CXX object lib/Codegen/CMakeFiles/Codegen.dir/Generated/rdivide.cpp.o
Scanning dependencies of target CameraSimulator
[ 27%] Building CXX object lib/Codegen/CMakeFiles/Codegen.dir/Generated/getTrackPositions.cpp.o
[ 27%] Building CXX object util/CameraSimulator/CMakeFiles/CameraSimulator.dir/main.cpp.o
[ 28%] Building CXX object lib/Codegen/CMakeFiles/Codegen.dir/Generated/trackingKF.cpp.o
/home/vantacr/work/PersonnelDetectionGen0/lib/Codegen/Generated/trackingKF.cpp: In function ‘void trackingKF_correct(trackingKF*, const real_T*)’:
/home/vantacr/work/PersonnelDetectionGen0/lib/Codegen/Generated/trackingKF.cpp:421:6: warning: assuming signed overflow does not occur when assuming that (X + c) < X is always false [-Wstrict-overflow]
 void trackingKF_correct(trackingKF *KF, const real_T z[4])
      ^
/home/vantacr/work/PersonnelDetectionGen0/lib/Codegen/Generated/trackingKF.cpp:421:6: warning: assuming signed overflow does not occur when assuming that (X + c) < X is always false [-Wstrict-overflow]
/home/vantacr/work/PersonnelDetectionGen0/lib/Codegen/Generated/trackingKF.cpp:421:6: warning: assuming signed overflow does not occur when assuming that (X + c) < X is always false [-Wstrict-overflow]
/home/vantacr/work/PersonnelDetectionGen0/lib/Codegen/Generated/trackingKF.cpp:421:6: warning: assuming signed overflow does not occur when assuming that (X + c) < X is always false [-Wstrict-overflow]
[ 29%] Building CXX object util/CameraSimulator/CMakeFiles/CameraSimulator.dir/Camera.cpp.o
[ 29%] Building CXX object lib/Codegen/CMakeFiles/Codegen.dir/Generated/multiObjectTracker.cpp.o
[ 29%] Building CXX object lib/Detect/CMakeFiles/Detect.dir/DetectorReader.cpp.o
[ 30%] Building CXX object lib/Detect/CMakeFiles/Detect.dir/ChannelsPyramid.cpp.o
[ 30%] Building CXX object lib/Detect/CMakeFiles/Detect.dir/ChannelsPyramidLevel.cpp.o
[ 30%] Building CXX object util/CameraSimulator/CMakeFiles/CameraSimulator.dir/RawImageReader.cpp.o
[ 31%] Building CXX object lib/Detect/CMakeFiles/Detect.dir/GradientCalculator.cpp.o
[ 32%] Linking CXX static library libDetect.a
[ 32%] Built target Detect
[ 33%] Building CXX object util/CameraSimulator/CMakeFiles/CameraSimulator.dir/JpegImageReader.cpp.o
[ 34%] Building CXX object lib/Codegen/CMakeFiles/Codegen.dir/Generated/personnelDetection_data.cpp.o
[ 34%] Building CXX object lib/Codegen/CMakeFiles/Codegen.dir/Generated/rtGetNaN.cpp.o
[ 35%] Building CXX object lib/Codegen/CMakeFiles/Codegen.dir/Generated/rtGetInf.cpp.o
Scanning dependencies of target Status
[ 35%] Building CXX object lib/Status/CMakeFiles/Status.dir/HeartBeat.cpp.o
[ 35%] Linking CXX executable CameraSimulator
[ 35%] Built target CameraSimulator
[ 35%] Building CXX object lib/Codegen/CMakeFiles/Codegen.dir/Generated/strcmp.cpp.o
[ 36%] Building CXX object lib/Status/CMakeFiles/Status.dir/WatchdogTimer.cpp.o
Scanning dependencies of target Receive
[ 36%] Building CXX object lib/Receive/CMakeFiles/Receive.dir/ImageReceiver.cpp.o
[ 37%] Building CXX object lib/Receive/CMakeFiles/Receive.dir/ImageReceiverFactory.cpp.o
[ 37%] Linking CXX static library libStatus.a
[ 37%] Built target Status
[ 37%] Building CXX object lib/Receive/CMakeFiles/Receive.dir/BCamImageReceiver.cpp.o
Scanning dependencies of target Watchdog
[ 38%] Building CXX object src/CMakeFiles/Watchdog.dir/watchdog.cpp.o
[ 39%] Linking CXX executable Watchdog
[ 40%] Building CXX object lib/Codegen/CMakeFiles/Codegen.dir/Generated/initBboxFilterConstantVelocity.cpp.o
[ 41%] Building CXX object lib/Receive/CMakeFiles/Receive.dir/Event/NewImageReceivedEvent.cpp.o
[ 41%] Built target Watchdog
[ 42%] Building CXX object lib/Receive/CMakeFiles/Receive.dir/Event/InputAdapterErrorEvent.cpp.o
[ 42%] Building CXX object lib/Codegen/CMakeFiles/Codegen.dir/Generated/objectTrack.cpp.o
[ 43%] Building CXX object lib/Codegen/CMakeFiles/Codegen.dir/Generated/KalmanFilter.cpp.o
[ 43%] Building CXX object lib/Receive/CMakeFiles/Receive.dir/Event/NewJpegImageEvent.cpp.o
[ 44%] Linking CXX static library libReceive.a
[ 44%] Built target Receive
[ 45%] Building CXX object lib/Codegen/CMakeFiles/Codegen.dir/Generated/checkCovariance.cpp.o
[ 45%] Building CXX object lib/Codegen/CMakeFiles/Codegen.dir/Generated/nullAssignment.cpp.o
[ 46%] Building CXX object lib/Codegen/CMakeFiles/Codegen.dir/Generated/repmat.cpp.o
Scanning dependencies of target Decoding
[ 47%] Building CXX object lib/Decoding/CMakeFiles/Decoding.dir/JpegDecoderInternal.cpp.o
[ 47%] Building CXX object lib/Decoding/CMakeFiles/Decoding.dir/ImageDecoder.cpp.o
Scanning dependencies of target InputForker
[ 48%] Building CXX object src/CMakeFiles/InputForker.dir/inputForker.cpp.o
[ 48%] Building CXX object lib/Codegen/CMakeFiles/Codegen.dir/Generated/personnelDetection_rtwutil.cpp.o
[ 49%] Building CXX object lib/Codegen/CMakeFiles/Codegen.dir/Generated/assignDetectionsToTracks.cpp.o
[ 49%] Linking CXX executable InputForker
[ 50%] Building CXX object lib/Decoding/CMakeFiles/Decoding.dir/JpegDecoder.cpp.o
[ 50%] Built target InputForker
[ 50%] Building CXX object lib/Codegen/CMakeFiles/Codegen.dir/Generated/eml_setop.cpp.o
[ 50%] Building CXX object lib/Decoding/CMakeFiles/Decoding.dir/Event/NewImageDecodedEvent.cpp.o
Scanning dependencies of target BCamImageReceiverTest
[ 50%] Building CXX object test/UnitTests/Receive/CMakeFiles/BCamImageReceiverTest.dir/BCamImageReceiverTest.cpp.o
[ 51%] Building CXX object lib/Decoding/CMakeFiles/Decoding.dir/Event/DecodingErrorEvent.cpp.o
[ 51%] Linking CXX static library libDecoding.a
[ 51%] Built target Decoding
Scanning dependencies of target ImageReceiverFactoryTest
[ 52%] Building CXX object test/UnitTests/Receive/CMakeFiles/ImageReceiverFactoryTest.dir/ImageReceiverFactoryTest.cpp.o
[ 53%] Building CXX object lib/Codegen/CMakeFiles/Codegen.dir/Generated/eps.cpp.o
[ 53%] Building CXX object lib/Codegen/CMakeFiles/Codegen.dir/Generated/sum.cpp.o
[ 54%] Building CXX object lib/Codegen/CMakeFiles/Codegen.dir/Generated/lower.cpp.o
[ 54%] Building CXX object lib/Codegen/CMakeFiles/Codegen.dir/Generated/expandScalarValue.cpp.o
[ 55%] Building CXX object lib/Codegen/CMakeFiles/Codegen.dir/Generated/isSymmetricPositiveSemiDefinite.cpp.o
[ 55%] Building CXX object lib/Codegen/CMakeFiles/Codegen.dir/Generated/validatestring.cpp.o
[ 56%] Linking CXX executable BCamImageReceiverTest
[ 57%] Building CXX object lib/Codegen/CMakeFiles/Codegen.dir/Generated/constVelocityModel.cpp.o
[ 57%] Built target BCamImageReceiverTest
[ 57%] Building CXX object lib/Codegen/CMakeFiles/Codegen.dir/Generated/constAccelerationModel.cpp.o
Scanning dependencies of target JpegDecoderTest
[ 58%] Building CXX object test/UnitTests/Decoding/CMakeFiles/JpegDecoderTest.dir/JpegDecoderTest.cpp.o
[ 59%] Building CXX object lib/Codegen/CMakeFiles/Codegen.dir/Generated/sortLE.cpp.o
[ 59%] Building CXX object lib/Codegen/CMakeFiles/Codegen.dir/Generated/diag.cpp.o
[ 59%] Linking CXX executable ImageReceiverFactoryTest
[ 60%] Building CXX object lib/Codegen/CMakeFiles/Codegen.dir/Generated/bsxfun.cpp.o
[ 60%] Built target ImageReceiverFactoryTest
[ 60%] Building CXX object lib/Codegen/CMakeFiles/Codegen.dir/Generated/any1.cpp.o
Scanning dependencies of target ImageDecoderTest
[ 61%] Building CXX object test/UnitTests/Decoding/CMakeFiles/ImageDecoderTest.dir/ImageDecoderTest.cpp.o
[ 62%] Building CXX object lib/Codegen/CMakeFiles/Codegen.dir/Generated/abs.cpp.o
[ 63%] Building CXX object lib/Codegen/CMakeFiles/Codegen.dir/Generated/eig.cpp.o
[ 63%] Building CXX object lib/Codegen/CMakeFiles/Codegen.dir/Generated/xgehrd.cpp.o
[ 63%] Linking CXX executable JpegDecoderTest
[ 63%] Built target JpegDecoderTest
[ 64%] Building CXX object lib/Codegen/CMakeFiles/Codegen.dir/Generated/xdhseqr.cpp.o
Scanning dependencies of target MockDisplayApplication
[ 64%] Linking CXX executable ImageDecoderTest
[ 64%] Building CXX object util/MockDisplayApplication/CMakeFiles/MockDisplayApplication.dir/main.cpp.o
[ 64%] Built target ImageDecoderTest
[ 64%] Building CXX object lib/Codegen/CMakeFiles/Codegen.dir/Generated/xdlanv2.cpp.o
[ 65%] Building CXX object util/MockDisplayApplication/CMakeFiles/MockDisplayApplication.dir/MockDisplay.cpp.o
[ 66%] Building CXX object lib/Codegen/CMakeFiles/Codegen.dir/Generated/xzgeev.cpp.o
[ 66%] Building CXX object lib/Codegen/CMakeFiles/Codegen.dir/Generated/anyNonFinite.cpp.o
[ 67%] Building CXX object lib/Codegen/CMakeFiles/Codegen.dir/Generated/xnrm2.cpp.o
[ 67%] Building CXX object lib/Codegen/CMakeFiles/Codegen.dir/Generated/xscal.cpp.o
[ 68%] Building CXX object lib/Codegen/CMakeFiles/Codegen.dir/Generated/xzlarfg.cpp.o
[ 68%] Building CXX object lib/Codegen/CMakeFiles/Codegen.dir/Generated/all.cpp.o
[ 69%] Building CXX object lib/Codegen/CMakeFiles/Codegen.dir/Generated/sqrt.cpp.o
[ 69%] Building CXX object lib/Codegen/CMakeFiles/Codegen.dir/Generated/xrot.cpp.o
[ 70%] Building CXX object lib/Codegen/CMakeFiles/Codegen.dir/Generated/xzlartg.cpp.o
[ 70%] Building CXX object lib/Codegen/CMakeFiles/Codegen.dir/Generated/xzhgeqz.cpp.o
[ 71%] Building CXX object lib/Codegen/CMakeFiles/Codegen.dir/Generated/xzggbal.cpp.o
[ 71%] Building CXX object lib/Codegen/CMakeFiles/Codegen.dir/Generated/xzlanhs.cpp.o
[ 72%] Building CXX object lib/Codegen/CMakeFiles/Codegen.dir/Generated/lusolve.cpp.o
/home/vantacr/work/PersonnelDetectionGen0/lib/Codegen/Generated/lusolve.cpp: In function ‘void lusolve(const real_T*, emxArray_real_T*)’:
/home/vantacr/work/PersonnelDetectionGen0/lib/Codegen/Generated/lusolve.cpp:81:36: warning: array subscript is above array bounds [-Warray-bounds]
           b_A[i] += b_A[ix] * -smax;
                                    ^
/home/vantacr/work/PersonnelDetectionGen0/lib/Codegen/Generated/lusolve.cpp:81:36: warning: array subscript is above array bounds [-Warray-bounds]
/home/vantacr/work/PersonnelDetectionGen0/lib/Codegen/Generated/lusolve.cpp:81:36: warning: array subscript is above array bounds [-Warray-bounds]
/home/vantacr/work/PersonnelDetectionGen0/lib/Codegen/Generated/lusolve.cpp:81:36: warning: array subscript is above array bounds [-Warray-bounds]
/home/vantacr/work/PersonnelDetectionGen0/lib/Codegen/Generated/lusolve.cpp:81:36: warning: array subscript is above array bounds [-Warray-bounds]
/home/vantacr/work/PersonnelDetectionGen0/lib/Codegen/Generated/lusolve.cpp:81:36: warning: array subscript is above array bounds [-Warray-bounds]
/home/vantacr/work/PersonnelDetectionGen0/lib/Codegen/Generated/lusolve.cpp:81:36: warning: array subscript is above array bounds [-Warray-bounds]
/home/vantacr/work/PersonnelDetectionGen0/lib/Codegen/Generated/lusolve.cpp:81:36: warning: array subscript is above array bounds [-Warray-bounds]
/home/vantacr/work/PersonnelDetectionGen0/lib/Codegen/Generated/lusolve.cpp:81:36: warning: array subscript is above array bounds [-Warray-bounds]
/home/vantacr/work/PersonnelDetectionGen0/lib/Codegen/Generated/lusolve.cpp:81:27: warning: array subscript is above array bounds [-Warray-bounds]
           b_A[i] += b_A[ix] * -smax;
                           ^
/home/vantacr/work/PersonnelDetectionGen0/lib/Codegen/Generated/lusolve.cpp:81:36: warning: array subscript is above array bounds [-Warray-bounds]
           b_A[i] += b_A[ix] * -smax;
                                    ^
[ 72%] Linking CXX static library libCodegen.a
[ 72%] Built target Codegen
Scanning dependencies of target Processing
[ 72%] Building CXX object lib/Processing/CMakeFiles/Processing.dir/Processor.cpp.o
[ 73%] Building CXX object lib/Processing/CMakeFiles/Processing.dir/ProcessorFactory.cpp.o
[ 74%] Building CXX object lib/Processing/CMakeFiles/Processing.dir/MockProcessor.cpp.o
[ 74%] Building CXX object lib/Processing/CMakeFiles/Processing.dir/AcfProcessor.cpp.o
[ 75%] Building CXX object lib/Processing/CMakeFiles/Processing.dir/FullImageProcessor.cpp.o
/home/vantacr/work/PersonnelDetectionGen0/util/MockDisplayApplication/MockDisplay.cpp:59:12: warning: ‘imageCount’ defined but not used [-Wunused-variable]
 static int imageCount = 0;
            ^
[ 75%] Linking CXX executable MockDisplayApplication
[ 75%] Built target MockDisplayApplication
[ 75%] Building CXX object lib/Processing/CMakeFiles/Processing.dir/PartialImageProcessor.cpp.o
[ 76%] Building CXX object lib/Processing/CMakeFiles/Processing.dir/ChipImageProcessor.cpp.o
[ 76%] Building CXX object lib/Processing/CMakeFiles/Processing.dir/Event/ProcessingErrorEvent.cpp.o
[ 77%] Building CXX object lib/Processing/CMakeFiles/Processing.dir/Event/NewImageWithBoundingBoxesEvent.cpp.o
[ 77%] Building CXX object lib/Processing/CMakeFiles/Processing.dir/Event/NewProcessedImageEvent.cpp.o
[ 78%] Building CXX object lib/Processing/CMakeFiles/Processing.dir/Event/NewProcessingScalesEvent.cpp.o
[ 78%] Building CXX object lib/Processing/CMakeFiles/Processing.dir/Event/NewDetectionChipsEvent.cpp.o
[ 79%] Building CXX object lib/Processing/CMakeFiles/Processing.dir/Event/NewVerifiedChipsEvent.cpp.o
[ 79%] Building CXX object lib/Processing/CMakeFiles/Processing.dir/Event/NewDetectionsEvent.cpp.o
[ 80%] Linking CXX static library libProcessing.a
[ 80%] Built target Processing
Scanning dependencies of target Filtering
Scanning dependencies of target PartialImageProcessorTest
Scanning dependencies of target ProcessorFactoryTest
[ 80%] Building CXX object lib/Filtering/CMakeFiles/Filtering.dir/Filter.cpp.o
[ 80%] Building CXX object test/UnitTests/Processing/CMakeFiles/PartialImageProcessorTest.dir/PartialImageProcessorTest.cpp.o
[ 80%] Building CXX object test/UnitTests/Processing/CMakeFiles/ProcessorFactoryTest.dir/ProcessorFactoryTest.cpp.o
[ 81%] Building CXX object lib/Filtering/CMakeFiles/Filtering.dir/DetectionsFilter.cpp.o
[ 82%] Linking CXX executable ProcessorFactoryTest
[ 82%] Built target ProcessorFactoryTest
[ 83%] Building CXX object lib/Filtering/CMakeFiles/Filtering.dir/NonMaximalSuppression.cpp.o
[ 83%] Building CXX object lib/Filtering/CMakeFiles/Filtering.dir/MockFilter.cpp.o
[ 84%] Linking CXX executable PartialImageProcessorTest
[ 84%] Built target PartialImageProcessorTest
[ 85%] Building CXX object lib/Filtering/CMakeFiles/Filtering.dir/FilterFactory.cpp.o
[ 85%] Building CXX object lib/Filtering/CMakeFiles/Filtering.dir/Event/NewFilteredDetectionsEvent.cpp.o
[ 86%] Building CXX object lib/Filtering/CMakeFiles/Filtering.dir/Event/FilteringErrorEvent.cpp.o
[ 86%] Linking CXX static library libFiltering.a
[ 86%] Built target Filtering
Scanning dependencies of target Tracking
Scanning dependencies of target DetectionFilterTest
Scanning dependencies of target FilterFactoryTest
[ 87%] Building CXX object lib/Tracking/CMakeFiles/Tracking.dir/Tracker.cpp.o
[ 87%] Building CXX object test/UnitTests/Filtering/CMakeFiles/FilterFactoryTest.dir/FilterFactoryTest.cpp.o
[ 87%] Building CXX object test/UnitTests/Filtering/CMakeFiles/DetectionFilterTest.dir/DetectionFilterTest.cpp.o
[ 88%] Linking CXX executable FilterFactoryTest
[ 89%] Linking CXX executable DetectionFilterTest
[ 89%] Built target FilterFactoryTest
[ 89%] Building CXX object lib/Tracking/CMakeFiles/Tracking.dir/Event/TrackingErrorEvent.cpp.o
[ 90%] Building CXX object lib/Tracking/CMakeFiles/Tracking.dir/Event/NewTrackedDetectionsEvent.cpp.o
[ 90%] Built target DetectionFilterTest
[ 90%] Linking CXX static library libTracking.a
[ 90%] Built target Tracking
Scanning dependencies of target TrackerTest
Scanning dependencies of target Output
[ 91%] Building CXX object test/UnitTests/Tracking/CMakeFiles/TrackerTest.dir/TrackerTest.cpp.o
[ 92%] Building CXX object lib/Output/CMakeFiles/Output.dir/OutputFactory.cpp.o
[ 92%] Building CXX object lib/Output/CMakeFiles/Output.dir/Output.cpp.o
[ 93%] Building CXX object lib/Output/CMakeFiles/Output.dir/D6DisplayOutputAdapter.cpp.o
[ 93%] Building CXX object lib/Output/CMakeFiles/Output.dir/Event/OutputAdapterErrorEvent.cpp.o
[ 93%] Linking CXX executable TrackerTest
[ 93%] Built target TrackerTest
[ 94%] Linking CXX static library libOutput.a
[ 94%] Built target Output
Scanning dependencies of target OutputFactoryTest
Scanning dependencies of target Logging
[ 94%] Building CXX object test/UnitTests/Output/CMakeFiles/OutputFactoryTest.dir/OutputFactoryTest.cpp.o
[ 95%] Building CXX object lib/Logging/CMakeFiles/Logging.dir/Logger.cpp.o
[ 96%] Linking CXX executable OutputFactoryTest
[ 96%] Built target OutputFactoryTest
[ 97%] Linking CXX static library libLogging.a
[ 97%] Built target Logging
Scanning dependencies of target PersonnelDetectionGen0
Scanning dependencies of target PersonnelDetectionCatMod
[ 97%] Building CXX object src/CMakeFiles/PersonnelDetectionGen0.dir/main.cpp.o
[ 97%] Building CXX object lib/CatMod/CMakeFiles/PersonnelDetectionCatMod.dir/catmod.cpp.o
[ 98%] Linking CXX executable PersonnelDetectionGen0
[ 99%] Linking CXX static library libPersonnelDetectionCatMod.a
[ 99%] Built target PersonnelDetectionCatMod
Scanning dependencies of target CatModUtil
[100%] Building CXX object util/CatMod/CMakeFiles/CatModUtil.dir/main.cpp.o
[100%] Built target PersonnelDetectionGen0
/home/vantacr/work/PersonnelDetectionGen0/util/CatMod/main.cpp: In function ‘int main()’:
/home/vantacr/work/PersonnelDetectionGen0/util/CatMod/main.cpp:28:35: warning: ‘camera’ is used uninitialized in this function [-Wuninitialized]
     catmod_lib_start(camera, 0, 0);
                                   ^
[100%] Linking CXX executable CatModUtil
[100%] Built target CatModUtil
vantacr@c001827170:~/work/PersonnelDetectionGen0/build$ cd ..
vantacr@c001827170:~/work/PersonnelDetectionGen0$ ls
admin      build-debug.sh    clean.sh        deploy.sh      html                 images_jpeg.list  init.sh     package.sh  run-unit-tests.sh  util
attach.sh  build-lib.mri     CMakeLists.txt  detector.yaml  images_720.list      images.list       install.sh  README.md   src
bin        build-release.sh  config          Doxyfile       images_another.list  images_raw.list   latex       resources   start-utils.sh
build      clean-build.sh    data            etc            images_inside.list   images_temp.list  lib         run.sh      test
vantacr@c001827170:~/work/PersonnelDetectionGen0$ ls lib/
Analyze  ChannelArray  CMakeLists.txt  Configuration  DataType  Detect  Exception  Global           Logging  Processing  Recorder  Status      Tracking
CatMod   Classify      Codegen         DataChannel    Decoding  Event   Filtering  ImageConversion  Output   Receive     SSE       ThreadPool
vantacr@c001827170:~/work/PersonnelDetectionGen0$ ls test/UnitTests/
CMakeLists.txt  Decoding  Filtering  Output  Processing  Receive  ThreadPool  Tracking
vantacr@c001827170:~/work/PersonnelDetectionGen0$ cd build
vantacr@c001827170:~/work/PersonnelDetectionGen0/build$ cmake ..
-- Setting build type to 'Debug' as none was specified
-- LibVA Include Directory: /usr/include
-- LibVA Library: /usr/lib/x86_64-linux-gnu/libva.so
-- DRM Include Directory: /usr/include/libdrm
-- DRM Library: /usr/lib/x86_64-linux-gnu/libdrm.so
-- PROTOBUF Include Directory: /usr/include
-- PROTOBUF Library: /usr/lib/x86_64-linux-gnu/libprotobuf.so
-- Libraries
--    Configuration
--    Event
--    Exception
--    ThreadPool
--    DataChannel
--    Status
--    DataType
--    Global
--    Recorder
--    Receive
--    Decoding
--    ChannelArray
--    ImageConversion
--    Classify
--    Detect
--    Codegen
--    Processing
--    Filtering
--    Tracking
--    Output
--    Logging
--    Analyze
--    PersonnelDetectionCatMod
-- Source
--    PersonnelDetectionGen0
--    Watchdog
--    InputForker
-- Utilities
--    MockDisplayApplication
--    CameraSimulator
--    CatModUtil
-- Unit Tests
--    ImageReceiverFactoryTest
--    BCamImageReceiverTest
--    JpegDecoderTest
--    ImageDecoderTest
--    PartialImageProcessorTest
--    ProcessorFactoryTest
--    DetectionFilterTest
--    FilterFactoryTest
--    TrackerTest
--    OutputFactoryTest
--    ThreadPoolTest
-- Configuring done
-- Generating done
-- Build files have been written to: /home/vantacr/work/PersonnelDetectionGen0/build
vantacr@c001827170:~/work/PersonnelDetectionGen0/build$ cd ..
vantacr@c001827170:~/work/PersonnelDetectionGen0$ ./build/test/UnitTests/Receive/BCamImageReceiverTest 
[==========] Running 7 tests from 2 test cases.
[----------] Global test environment set-up.
[----------] 2 tests from BCamImageReceiverTest_init
[ RUN      ] BCamImageReceiverTest_init.ConfigurationMangagerLoaded
[       OK ] BCamImageReceiverTest_init.ConfigurationMangagerLoaded (1 ms)
[ RUN      ] BCamImageReceiverTest_init.ConfigurationManagerNotLoaded
[       OK ] BCamImageReceiverTest_init.ConfigurationManagerNotLoaded (0 ms)
[----------] 2 tests from BCamImageReceiverTest_init (1 ms total)

[----------] 5 tests from BCamImageReceiver_processReceiveBuffer
[ RUN      ] BCamImageReceiver_processReceiveBuffer.ReceiveStartFragment
Segmentation fault (core dumped)
vantacr@c001827170:~/work/PersonnelDetectionGen0$ cd build
vantacr@c001827170:~/work/PersonnelDetectionGen0/build$ make
[  2%] Built target Configuration
[  6%] Built target Event
[  8%] Built target Exception
[  9%] Built target ThreadPool
[ 11%] Built target DataChannel
[ 12%] Built target Status
[ 13%] Built target DataType
[ 14%] Built target Global
[ 15%] Built target Recorder
[ 19%] Built target Receive
[ 22%] Built target Decoding
[ 25%] Built target ChannelArray
[ 26%] Built target ImageConversion
[ 27%] Built target Classify
[ 31%] Built target Detect
[ 59%] Built target Codegen
[ 67%] Built target Processing
[ 71%] Built target Filtering
[ 73%] Built target Tracking
[ 76%] Built target Output
[ 78%] Built target Logging
[ 80%] Built target Analyze
[ 81%] Built target PersonnelDetectionCatMod
[ 82%] Built target PersonnelDetectionGen0
[ 84%] Built target Watchdog
[ 85%] Built target InputForker
[ 86%] Built target MockDisplayApplication
[ 88%] Built target CameraSimulator
[ 89%] Built target CatModUtil
Scanning dependencies of target BCamImageReceiverTest
[ 89%] Building CXX object test/UnitTests/Receive/CMakeFiles/BCamImageReceiverTest.dir/BCamImageReceiverTest.cpp.o
[ 90%] Linking CXX executable BCamImageReceiverTest
[ 90%] Built target BCamImageReceiverTest
[ 91%] Built target ImageReceiverFactoryTest
[ 92%] Built target JpegDecoderTest
[ 93%] Built target ImageDecoderTest
[ 94%] Built target PartialImageProcessorTest
[ 95%] Built target ProcessorFactoryTest
[ 96%] Built target DetectionFilterTest
[ 97%] Built target FilterFactoryTest
[ 98%] Built target TrackerTest
[ 99%] Built target OutputFactoryTest
[100%] Built target ThreadPoolTest
vantacr@c001827170:~/work/PersonnelDetectionGen0/build$ cd ..
vantacr@c001827170:~/work/PersonnelDetectionGen0$ ./build/test/UnitTests/Receive/BCamImageReceiverTest 
[==========] Running 7 tests from 2 test cases.
[----------] Global test environment set-up.
[----------] 2 tests from BCamImageReceiverTest_init
[ RUN      ] BCamImageReceiverTest_init.ConfigurationMangagerLoaded
/home/vantacr/work/PersonnelDetectionGen0/test/UnitTests/Receive/BCamImageReceiverTest.cpp:31: Failure
Value of: result
  Actual: true
Expected: false
[  FAILED  ] BCamImageReceiverTest_init.ConfigurationMangagerLoaded (1 ms)
[ RUN      ] BCamImageReceiverTest_init.ConfigurationManagerNotLoaded
[       OK ] BCamImageReceiverTest_init.ConfigurationManagerNotLoaded (0 ms)
[----------] 2 tests from BCamImageReceiverTest_init (1 ms total)

[----------] 5 tests from BCamImageReceiver_processReceiveBuffer
[ RUN      ] BCamImageReceiver_processReceiveBuffer.ReceiveStartFragment
Segmentation fault (core dumped)
vantacr@c001827170:~/work/PersonnelDetectionGen0$ cd build
vantacr@c001827170:~/work/PersonnelDetectionGen0/build$ make
[  2%] Built target Configuration
[  6%] Built target Event
[  8%] Built target Exception
[  9%] Built target ThreadPool
[ 11%] Built target DataChannel
[ 12%] Built target Status
[ 13%] Built target DataType
[ 14%] Built target Global
[ 15%] Built target Recorder
[ 19%] Built target Receive
[ 22%] Built target Decoding
[ 25%] Built target ChannelArray
[ 26%] Built target ImageConversion
[ 27%] Built target Classify
[ 31%] Built target Detect
[ 59%] Built target Codegen
[ 67%] Built target Processing
[ 71%] Built target Filtering
[ 73%] Built target Tracking
[ 76%] Built target Output
[ 78%] Built target Logging
[ 80%] Built target Analyze
[ 81%] Built target PersonnelDetectionCatMod
[ 82%] Built target PersonnelDetectionGen0
[ 84%] Built target Watchdog
[ 85%] Built target InputForker
[ 86%] Built target MockDisplayApplication
[ 88%] Built target CameraSimulator
[ 89%] Built target CatModUtil
Scanning dependencies of target BCamImageReceiverTest
[ 89%] Building CXX object test/UnitTests/Receive/CMakeFiles/BCamImageReceiverTest.dir/BCamImageReceiverTest.cpp.o
[ 90%] Linking CXX executable BCamImageReceiverTest
[ 90%] Built target BCamImageReceiverTest
[ 91%] Built target ImageReceiverFactoryTest
[ 92%] Built target JpegDecoderTest
[ 93%] Built target ImageDecoderTest
[ 94%] Built target PartialImageProcessorTest
[ 95%] Built target ProcessorFactoryTest
[ 96%] Built target DetectionFilterTest
[ 97%] Built target FilterFactoryTest
[ 98%] Built target TrackerTest
[ 99%] Built target OutputFactoryTest
[100%] Built target ThreadPoolTest
vantacr@c001827170:~/work/PersonnelDetectionGen0/build$ git branch -a
* dev
  master
  remotes/origin/CUDA
  remotes/origin/HEAD -> origin/master
  remotes/origin/acfDetect-rewrite
  remotes/origin/creating-image-blackbox
  remotes/origin/creatingAcfProcessorTests
  remotes/origin/creatingBCamInputAdapterTests
  remotes/origin/creatingFullImageProcessorTests
  remotes/origin/dev
  remotes/origin/master
vantacr@c001827170:~/work/PersonnelDetectionGen0/build$ cd ..
vantacr@c001827170:~/work/PersonnelDetectionGen0$ ls
admin      build-debug.sh    clean.sh        deploy.sh      html                 images_jpeg.list  init.sh     package.sh  run-unit-tests.sh  util
attach.sh  build-lib.mri     CMakeLists.txt  detector.yaml  images_720.list      images.list       install.sh  README.md   src
bin        build-release.sh  config          Doxyfile       images_another.list  images_raw.list   latex       resources   start-utils.sh
build      clean-build.sh    data            etc            images_inside.list   images_temp.list  lib         run.sh      test
vantacr@c001827170:~/work/PersonnelDetectionGen0$ less run
run.sh             run-unit-tests.sh  
vantacr@c001827170:~/work/PersonnelDetectionGen0$ less run-unit-tests.sh 
vantacr@c001827170:~/work/PersonnelDetectionGen0$ ./run-unit-tests.sh 
vantacr@c001827170:~/work/PersonnelDetectionGen0$ cd build
vantacr@c001827170:~/work/PersonnelDetectionGen0/build$ make
[  2%] Built target Configuration
[  6%] Built target Event
[  8%] Built target Exception
[  9%] Built target ThreadPool
[ 11%] Built target DataChannel
[ 12%] Built target Status
[ 13%] Built target DataType
[ 14%] Built target Global
[ 15%] Built target Recorder
[ 19%] Built target Receive
[ 22%] Built target Decoding
[ 25%] Built target ChannelArray
[ 26%] Built target ImageConversion
[ 27%] Built target Classify
[ 31%] Built target Detect
[ 59%] Built target Codegen
[ 67%] Built target Processing
[ 71%] Built target Filtering
[ 73%] Built target Tracking
[ 76%] Built target Output
[ 78%] Built target Logging
[ 80%] Built target Analyze
[ 81%] Built target PersonnelDetectionCatMod
[ 82%] Built target PersonnelDetectionGen0
[ 84%] Built target Watchdog
[ 85%] Built target InputForker
[ 86%] Built target MockDisplayApplication
[ 88%] Built target CameraSimulator
[ 89%] Built target CatModUtil
[ 90%] Built target BCamImageReceiverTest
[ 91%] Built target ImageReceiverFactoryTest
[ 92%] Built target JpegDecoderTest
[ 93%] Built target ImageDecoderTest
[ 94%] Built target PartialImageProcessorTest
[ 95%] Built target ProcessorFactoryTest
[ 96%] Built target DetectionFilterTest
[ 97%] Built target FilterFactoryTest
[ 98%] Built target TrackerTest
[ 99%] Built target OutputFactoryTest
[100%] Built target ThreadPoolTest
vantacr@c001827170:~/work/PersonnelDetectionGen0/build$ cd ..
vantacr@c001827170:~/work/PersonnelDetectionGen0$ ./run-unit-tests.sh Receive
[==========] Running 7 tests from 2 test cases.
[----------] Global test environment set-up.
[----------] 2 tests from BCamImageReceiverTest_init
[ RUN      ] BCamImageReceiverTest_init.ConfigurationMangagerLoaded
[       OK ] BCamImageReceiverTest_init.ConfigurationMangagerLoaded (1 ms)
[ RUN      ] BCamImageReceiverTest_init.ConfigurationManagerNotLoaded
[       OK ] BCamImageReceiverTest_init.ConfigurationManagerNotLoaded (1 ms)
[----------] 2 tests from BCamImageReceiverTest_init (2 ms total)

[----------] 5 tests from BCamImageReceiver_processReceiveBuffer
[ RUN      ] BCamImageReceiver_processReceiveBuffer.ReceiveStartFragment
./run-unit-tests.sh: line 1: 11217 Segmentation fault      (core dumped) "$file"
[==========] Running 2 tests from 1 test case.
[----------] Global test environment set-up.
[----------] 2 tests from ImageReceiverFactory_createImageReceiver
[ RUN      ] ImageReceiverFactory_createImageReceiver.ValidInput
[       OK ] ImageReceiverFactory_createImageReceiver.ValidInput (0 ms)
[ RUN      ] ImageReceiverFactory_createImageReceiver.InValidInput
[       OK ] ImageReceiverFactory_createImageReceiver.InValidInput (0 ms)
[----------] 2 tests from ImageReceiverFactory_createImageReceiver (0 ms total)

[----------] Global test environment tear-down
[==========] 2 tests from 1 test case ran. (0 ms total)
[  PASSED  ] 2 tests.
vantacr@c001827170:~/work/PersonnelDetectionGen0$ ./run-unit-tests.sh Processing
[==========] Running 6 tests from 3 test cases.
[----------] Global test environment set-up.
[----------] 1 test from PartialImageProcessor_init
[ RUN      ] PartialImageProcessor_init.ConfigurationManagerLoaded
[       OK ] PartialImageProcessor_init.ConfigurationManagerLoaded (103 ms)
[----------] 1 test from PartialImageProcessor_init (103 ms total)

[----------] 2 tests from PartialImageProcessor_updateProcessingImage
[ RUN      ] PartialImageProcessor_updateProcessingImage.validImage_hasNewImage
[       OK ] PartialImageProcessor_updateProcessingImage.validImage_hasNewImage (1 ms)
[ RUN      ] PartialImageProcessor_updateProcessingImage.nullptrImage_doesNotHaveNewImage
[       OK ] PartialImageProcessor_updateProcessingImage.nullptrImage_doesNotHaveNewImage (0 ms)
[----------] 2 tests from PartialImageProcessor_updateProcessingImage (1 ms total)

[----------] 3 tests from PartialImageProcessor_processImage
[ RUN      ] PartialImageProcessor_processImage.validImage_noExceptionThrown
[       OK ] PartialImageProcessor_processImage.validImage_noExceptionThrown (32 ms)
[ RUN      ] PartialImageProcessor_processImage.invalidSizeImage_throwsInvalidImageSizeException
[       OK ] PartialImageProcessor_processImage.invalidSizeImage_throwsInvalidImageSizeException (0 ms)
[ RUN      ] PartialImageProcessor_processImage.nullptrImage_throwsProcessingNullImageException
[       OK ] PartialImageProcessor_processImage.nullptrImage_throwsProcessingNullImageException (1 ms)
[----------] 3 tests from PartialImageProcessor_processImage (33 ms total)

[----------] Global test environment tear-down
[==========] 6 tests from 3 test cases ran. (137 ms total)
[  PASSED  ] 6 tests.
[==========] Running 2 tests from 1 test case.
[----------] Global test environment set-up.
[----------] 2 tests from ProcessorFactory_createProcessor
[ RUN      ] ProcessorFactory_createProcessor.ValidInput
[       OK ] ProcessorFactory_createProcessor.ValidInput (0 ms)
[ RUN      ] ProcessorFactory_createProcessor.InValidInput
[       OK ] ProcessorFactory_createProcessor.InValidInput (0 ms)
[----------] 2 tests from ProcessorFactory_createProcessor (1 ms total)

[----------] Global test environment tear-down
[==========] 2 tests from 1 test case ran. (1 ms total)
[  PASSED  ] 2 tests.
vantacr@c001827170:~/work/PersonnelDetectionGen0$ cd build
vantacr@c001827170:~/work/PersonnelDetectionGen0/build$ cmake ..
-- Setting build type to 'Debug' as none was specified
-- LibVA Include Directory: /usr/include
-- LibVA Library: /usr/lib/x86_64-linux-gnu/libva.so
-- DRM Include Directory: /usr/include/libdrm
-- DRM Library: /usr/lib/x86_64-linux-gnu/libdrm.so
-- PROTOBUF Include Directory: /usr/include
-- PROTOBUF Library: /usr/lib/x86_64-linux-gnu/libprotobuf.so
-- Libraries
--    Configuration
--    Event
--    Exception
--    ThreadPool
--    DataChannel
--    Status
--    DataType
--    Global
--    Recorder
--    Receive
--    Decoding
--    ChannelArray
--    ImageConversion
--    Classify
--    Detect
--    Codegen
--    Processing
--    Filtering
--    Tracking
--    Output
--    Logging
--    Analyze
--    PersonnelDetectionCatMod
-- Source
--    PersonnelDetectionGen0
--    Watchdog
--    InputForker
-- Utilities
--    MockDisplayApplication
--    CameraSimulator
--    CatModUtil
-- Unit Tests
--    ImageReceiverFactoryTest
--    BCamImageReceiverTest
--    JpegDecoderTest
--    ImageDecoderTest
--    PartialImageProcessorTest
--    ProcessorFactoryTest
--    DetectionFilterTest
--    FilterFactoryTest
--    TrackerTest
--    OutputFactoryTest
--    ThreadPoolTest
-- Configuring done
-- Generating done
-- Build files have been written to: /home/vantacr/work/PersonnelDetectionGen0/build
vantacr@c001827170:~/work/PersonnelDetectionGen0/build$ ls test/UnitTests/
CMakeFiles  cmake_install.cmake  Decoding  Filtering  Makefile  Output  Processing  Receive  ThreadPool  Tracking
vantacr@c001827170:~/work/PersonnelDetectionGen0/build$ cd ..
vantacr@c001827170:~/work/PersonnelDetectionGen0$ ./run-unit-tests.sh Receive
[==========] Running 7 tests from 2 test cases.
[----------] Global test environment set-up.
[----------] 2 tests from BCamImageReceiverTest_init
[ RUN      ] BCamImageReceiverTest_init.ConfigurationMangagerLoaded
[       OK ] BCamImageReceiverTest_init.ConfigurationMangagerLoaded (1 ms)
[ RUN      ] BCamImageReceiverTest_init.ConfigurationManagerNotLoaded
[       OK ] BCamImageReceiverTest_init.ConfigurationManagerNotLoaded (0 ms)
[----------] 2 tests from BCamImageReceiverTest_init (1 ms total)

[----------] 5 tests from BCamImageReceiver_processReceiveBuffer
[ RUN      ] BCamImageReceiver_processReceiveBuffer.ReceiveStartFragment
./run-unit-tests.sh: line 1: 11314 Segmentation fault      (core dumped) "$file"
[==========] Running 2 tests from 1 test case.
[----------] Global test environment set-up.
[----------] 2 tests from ImageReceiverFactory_createImageReceiver
[ RUN      ] ImageReceiverFactory_createImageReceiver.ValidInput
[       OK ] ImageReceiverFactory_createImageReceiver.ValidInput (0 ms)
[ RUN      ] ImageReceiverFactory_createImageReceiver.InValidInput
[       OK ] ImageReceiverFactory_createImageReceiver.InValidInput (0 ms)
[----------] 2 tests from ImageReceiverFactory_createImageReceiver (0 ms total)

[----------] Global test environment tear-down
[==========] 2 tests from 1 test case ran. (0 ms total)
[  PASSED  ] 2 tests.
vantacr@c001827170:~/work/PersonnelDetectionGen0$ ./run-unit-tests.sh Decoding
[==========] Running 6 tests from 3 test cases.
[----------] Global test environment set-up.
[----------] 1 test from ImageDecoder_init
[ RUN      ] ImageDecoder_init.hasVAHardwareSupport_doesNotReceiveDecodingErrorEvent
libva info: VA-API version 0.39.0
libva info: va_getDriverName() returns 0
libva info: Trying to open /usr/lib/x86_64-linux-gnu/dri/i965_drv_video.so
libva info: Found init function __vaDriverInit_0_39
libva info: va_openDriver() returns 0
[       OK ] ImageDecoder_init.hasVAHardwareSupport_doesNotReceiveDecodingErrorEvent (7 ms)
[----------] 1 test from ImageDecoder_init (8 ms total)

[----------] 2 tests from ImageDecoder_updateDecodingImage
[ RUN      ] ImageDecoder_updateDecodingImage.validImage_hasNewImage
[       OK ] ImageDecoder_updateDecodingImage.validImage_hasNewImage (0 ms)
[ RUN      ] ImageDecoder_updateDecodingImage.nullptrImage_doesNotHaveNewImage
[       OK ] ImageDecoder_updateDecodingImage.nullptrImage_doesNotHaveNewImage (0 ms)
[----------] 2 tests from ImageDecoder_updateDecodingImage (1 ms total)

[----------] 3 tests from ImageDecoder_decodeImage
[ RUN      ] ImageDecoder_decodeImage.nullptrImage_throwsNullImageException
[       OK ] ImageDecoder_decodeImage.nullptrImage_throwsNullImageException (0 ms)
[ RUN      ] ImageDecoder_decodeImage.validImage_noExceptionThrown
[       OK ] ImageDecoder_decodeImage.validImage_noExceptionThrown (3 ms)
[ RUN      ] ImageDecoder_decodeImage.callWithoutInitialize_DecodingErrorEventOccur
[       OK ] ImageDecoder_decodeImage.callWithoutInitialize_DecodingErrorEventOccur (3 ms)
[----------] 3 tests from ImageDecoder_decodeImage (6 ms total)

[----------] Global test environment tear-down
[==========] 6 tests from 3 test cases ran. (15 ms total)
[  PASSED  ] 6 tests.
[==========] Running 8 tests from 4 test cases.
[----------] Global test environment set-up.
[----------] 1 test from JpegDecoderTest_init
[ RUN      ] JpegDecoderTest_init.hasVAHardwareSupport_doesNotReceiveDecodingErrorEvent
libva info: VA-API version 0.39.0
libva info: va_getDriverName() returns 0
libva info: Trying to open /usr/lib/x86_64-linux-gnu/dri/i965_drv_video.so
libva info: Found init function __vaDriverInit_0_39
libva info: va_openDriver() returns 0
[       OK ] JpegDecoderTest_init.hasVAHardwareSupport_doesNotReceiveDecodingErrorEvent (8 ms)
[----------] 1 test from JpegDecoderTest_init (8 ms total)

[----------] 4 tests from JpegDecoderTest_decode
[ RUN      ] JpegDecoderTest_decode.callWithoutInitialize_throwModuleInitializeException
[       OK ] JpegDecoderTest_decode.callWithoutInitialize_throwModuleInitializeException (0 ms)
[ RUN      ] JpegDecoderTest_decode.inValidJpegImage_DecodingErrorEventOccur
libva info: VA-API version 0.39.0
libva info: va_getDriverName() returns 0
libva info: Trying to open /usr/lib/x86_64-linux-gnu/dri/i965_drv_video.so
libva info: Found init function __vaDriverInit_0_39
libva info: va_openDriver() returns 0
[       OK ] JpegDecoderTest_decode.inValidJpegImage_DecodingErrorEventOccur (17 ms)
[ RUN      ] JpegDecoderTest_decode.inValidJpegImage_decodeReturnFalse
libva info: VA-API version 0.39.0
libva info: va_getDriverName() returns 0
libva info: Trying to open /usr/lib/x86_64-linux-gnu/dri/i965_drv_video.so
libva info: Found init function __vaDriverInit_0_39
libva info: va_openDriver() returns 0
[       OK ] JpegDecoderTest_decode.inValidJpegImage_decodeReturnFalse (5 ms)
[ RUN      ] JpegDecoderTest_decode.validJpegImage_decodeReturnTrue
libva info: VA-API version 0.39.0
libva info: va_getDriverName() returns 0
libva info: Trying to open /usr/lib/x86_64-linux-gnu/dri/i965_drv_video.so
libva info: Found init function __vaDriverInit_0_39
libva info: va_openDriver() returns 0
./run-unit-tests.sh: line 1: 11319 Segmentation fault      (core dumped) "$file"
vantacr@c001827170:~/work/PersonnelDetectionGen0$ ./run-unit-tests.sh Processing
[==========] Running 6 tests from 3 test cases.
[----------] Global test environment set-up.
[----------] 1 test from PartialImageProcessor_init
[ RUN      ] PartialImageProcessor_init.ConfigurationManagerLoaded
[       OK ] PartialImageProcessor_init.ConfigurationManagerLoaded (101 ms)
[----------] 1 test from PartialImageProcessor_init (101 ms total)

[----------] 2 tests from PartialImageProcessor_updateProcessingImage
[ RUN      ] PartialImageProcessor_updateProcessingImage.validImage_hasNewImage
[       OK ] PartialImageProcessor_updateProcessingImage.validImage_hasNewImage (1 ms)
[ RUN      ] PartialImageProcessor_updateProcessingImage.nullptrImage_doesNotHaveNewImage
[       OK ] PartialImageProcessor_updateProcessingImage.nullptrImage_doesNotHaveNewImage (0 ms)
[----------] 2 tests from PartialImageProcessor_updateProcessingImage (1 ms total)

[----------] 3 tests from PartialImageProcessor_processImage
[ RUN      ] PartialImageProcessor_processImage.validImage_noExceptionThrown
[       OK ] PartialImageProcessor_processImage.validImage_noExceptionThrown (30 ms)
[ RUN      ] PartialImageProcessor_processImage.invalidSizeImage_throwsInvalidImageSizeException
[       OK ] PartialImageProcessor_processImage.invalidSizeImage_throwsInvalidImageSizeException (1 ms)
[ RUN      ] PartialImageProcessor_processImage.nullptrImage_throwsProcessingNullImageException
[       OK ] PartialImageProcessor_processImage.nullptrImage_throwsProcessingNullImageException (0 ms)
[----------] 3 tests from PartialImageProcessor_processImage (31 ms total)

[----------] Global test environment tear-down
[==========] 6 tests from 3 test cases ran. (133 ms total)
[  PASSED  ] 6 tests.
[==========] Running 2 tests from 1 test case.
[----------] Global test environment set-up.
[----------] 2 tests from ProcessorFactory_createProcessor
[ RUN      ] ProcessorFactory_createProcessor.ValidInput
[       OK ] ProcessorFactory_createProcessor.ValidInput (0 ms)
[ RUN      ] ProcessorFactory_createProcessor.InValidInput
[       OK ] ProcessorFactory_createProcessor.InValidInput (0 ms)
[----------] 2 tests from ProcessorFactory_createProcessor (0 ms total)

[----------] Global test environment tear-down
[==========] 2 tests from 1 test case ran. (0 ms total)
[  PASSED  ] 2 tests.
vantacr@c001827170:~/work/PersonnelDetectionGen0$ cd teste
bash: cd: teste: No such file or directory
vantacr@c001827170:~/work/PersonnelDetectionGen0$ cd test
vantacr@c001827170:~/work/PersonnelDetectionGen0/test$ ls
CMakeLists.txt  ModuleTests  UnitTests
vantacr@c001827170:~/work/PersonnelDetectionGen0/test$ cd ModuleTests/
vantacr@c001827170:~/work/PersonnelDetectionGen0/test/ModuleTests$ ls
CMakeLists.txt  CommonIncludes.hpp  Decoder  Filtering  Input  Module  Output  Processing  Tracker
vantacr@c001827170:~/work/PersonnelDetectionGen0/test/ModuleTests$ cd ..
vantacr@c001827170:~/work/PersonnelDetectionGen0/test$ cd ..
vantacr@c001827170:~/work/PersonnelDetectionGen0$ git status
On branch dev
Your branch is up-to-date with 'origin/dev'.
Untracked files:
  (use "git add <file>..." to include in what will be committed)

	lib/Configuration/.ConfigurationManager.cpp.swp
	lib/Configuration/.ConfigurationManager.cppvi.swp
	lib/Event/.EventDispatcher.cpp.swp
	lib/Event/.EventDispatcher.hpp.swp
	lib/Receive/.ImageReceiverFactory.cpp.swp
	lib/Tracking/.Tracker.cpp.swp
	src/.main.cpp.swo
	src/.main.cpp.swp

nothing added to commit but untracked files present (use "git add" to track)
vantacr@c001827170:~/work/PersonnelDetectionGen0$ git checkout -b bcamimage-receive-test
Switched to a new branch 'bcamimage-receive-test'
vantacr@c001827170:~/work/PersonnelDetectionGen0$ git push origin -u bcamimage-receive-test 
Enter passphrase for key '/home/vantacr/.ssh/id_rsa': 
Total 0 (delta 0), reused 0 (delta 0)
remote: 
remote: To create a merge request for bcamimage-receive-test, visit:
remote:   https://arlgitgisp03.ecorp.cat.com/pacdetect/PersonnelDetectionGen0/merge_requests/new?merge_request%5Bsource_branch%5D=bcamimage-receive-test
remote: 
To git@arlgitgisp03.ecorp.cat.com:pacdetect/PersonnelDetectionGen0
 * [new branch]      bcamimage-receive-test -> bcamimage-receive-test
Branch bcamimage-receive-test set up to track remote branch bcamimage-receive-test from origin.
vantacr@c001827170:~/work/PersonnelDetectionGen0$ git st
git: 'st' is not a git command. See 'git --help'.

Did you mean one of these?
	status
	reset
	stage
	stash
vantacr@c001827170:~/work/PersonnelDetectionGen0$ git status
On branch bcamimage-receive-test
Your branch is up-to-date with 'origin/bcamimage-receive-test'.
Changes not staged for commit:
  (use "git add <file>..." to update what will be committed)
  (use "git checkout -- <file>..." to discard changes in working directory)

	modified:   .gitignore

no changes added to commit (use "git add" and/or "git commit -a")
vantacr@c001827170:~/work/PersonnelDetectionGen0$ ^C
vantacr@c001827170:~/work/PersonnelDetectionGen0$ 

