vantacr@c001827170:~$ cd work/
vantacr@c001827170:~/work$ cd PersonnelDetectionGen0/
vantacr@c001827170:~/work/PersonnelDetectionGen0$ ./start-utils.sh 
./start-utils.sh: line 1: ./bin/InputForker: No such file or directory
./start-utils.sh: line 4: ./bin/CameraSimulator: No such file or directory
InputForkerPID: 13098
CameraSimulatorPID: 13099
MockDisplayApplicationPID: 13100
./start-utils.sh: line 7: ./bin/MockDisplayApplication: No such file or directory
htop -p 13098 -p 13099 -p 13100
vantacr@c001827170:~/work/PersonnelDetectionGen0$ ls bin
vantacr@c001827170:~/work/PersonnelDetectionGen0$ cd build
vantacr@c001827170:~/work/PersonnelDetectionGen0/build$ make install
[  2%] Built target Configuration
[  6%] Built target Event
[  8%] Built target Exception
[  9%] Built target ThreadPool
[ 11%] Built target DataChannel
[ 12%] Built target Status
[ 13%] Built target DataType
[ 14%] Built target Global
[ 15%] Built target Recorder
[ 19%] Built target Receive
[ 22%] Built target Decoding
[ 25%] Built target ChannelArray
[ 26%] Built target ImageConversion
[ 27%] Built target Classify
[ 31%] Built target Detect
[ 59%] Built target Codegen
[ 67%] Built target Processing
[ 71%] Built target Filtering
[ 73%] Built target Tracking
[ 76%] Built target Output
[ 78%] Built target Logging
[ 80%] Built target Analyze
[ 81%] Built target PersonnelDetectionCatMod
[ 82%] Built target PersonnelDetectionGen0
[ 84%] Built target Watchdog
[ 85%] Built target InputForker
[ 86%] Built target MockDisplayApplication
[ 88%] Built target CameraSimulator
[ 89%] Built target CatModUtil
[ 90%] Built target BCamImageReceiverTest
[ 91%] Built target ImageReceiverFactoryTest
[ 92%] Built target JpegDecoderTest
[ 93%] Built target ImageDecoderTest
[ 94%] Built target PartialImageProcessorTest
[ 95%] Built target ProcessorFactoryTest
[ 96%] Built target DetectionFilterTest
[ 97%] Built target FilterFactoryTest
[ 98%] Built target TrackerTest
[ 99%] Built target OutputFactoryTest
[100%] Built target ThreadPoolTest
Install the project...
-- Install configuration: "Debug"
-- Installing: /home/vantacr/work/PersonnelDetectionGen0/bin/PersonnelDetectionGen0
-- Installing: /home/vantacr/work/PersonnelDetectionGen0/bin/Watchdog
-- Installing: /home/vantacr/work/PersonnelDetectionGen0/bin/InputForker
-- Installing: /home/vantacr/work/PersonnelDetectionGen0/bin/MockDisplayApplication
-- Set runtime path of "/home/vantacr/work/PersonnelDetectionGen0/bin/MockDisplayApplication" to "/usr/local/lib"
-- Installing: /home/vantacr/work/PersonnelDetectionGen0/bin/CameraSimulator
-- Set runtime path of "/home/vantacr/work/PersonnelDetectionGen0/bin/CameraSimulator" to "/usr/local/lib"
vantacr@c001827170:~/work/PersonnelDetectionGen0/build$ cd ..
vantacr@c001827170:~/work/PersonnelDetectionGen0$ ./build/util/
CameraSimulator/        CatMod/                 CMakeFiles/             MockDisplayApplication/ 
vantacr@c001827170:~/work/PersonnelDetectionGen0$ ./build/util/MockDisplayApplication/MockDisplayApplication 
libva info: VA-API version 0.39.0
libva info: va_getDriverName() returns 0
libva info: Trying to open /usr/lib/x86_64-linux-gnu/dri/i965_drv_video.so
libva info: Found init function __vaDriverInit_0_39
libva info: va_openDriver() returns 0
^CShutting down on signal: Interrupt
Exiting...
vantacr@c001827170:~/work/PersonnelDetectionGen0$ ls bin
CameraSimulator  InputForker  MockDisplayApplication  PersonnelDetectionGen0  Watchdog
vantacr@c001827170:~/work/PersonnelDetectionGen0$ ./start-utils.sh 
InputForkerPID: 13366
CameraSimulatorPID: 13367
MockDisplayApplicationPID: 13368
htop -p 13366 -p 13367 -p 13368
Streaming images...
vantacr@c001827170:~/work/PersonnelDetectionGen0$ htop
vantacr@c001827170:~/work/PersonnelDetectionGen0$ ^C
vantacr@c001827170:~/work/PersonnelDetectionGen0$ ^C
vantacr@c001827170:~/work/PersonnelDetectionGen0$ ^C
vantacr@c001827170:~/work/PersonnelDetectionGen0$ ./start-utils.sh 
InputForkerPID: 13406
CameraSimulatorPID: 13407
MockDisplayApplicationPID: 13408
htop -p 13406 -p 13407 -p 13408
Streaming images...
vantacr@c001827170:~/work/PersonnelDetectionGen0$ Exiting...

vantacr@c001827170:~/work/PersonnelDetectionGen0$ ./start-utils.sh 
InputForkerPID: 15454
CameraSimulatorPID: 15455
MockDisplayApplicationPID: 15456
htop -p 15454 -p 15455 -p 15456
Streaming images...
vantacr@c001827170:~/work/PersonnelDetectionGen0$ ./start-utils.sh 
InputForkerPID: 15502
CameraSimulatorPID: 15503
MockDisplayApplicationPID: 15504
htop -p 15502 -p 15503 -p 15504
Streaming images...
vantacr@c001827170:~/work/PersonnelDetectionGen0$ ^C
vantacr@c001827170:~/work/PersonnelDetectionGen0$ 

